Component: ARM Compiler 5.06 update 3 (build 300) Tool: armlink [4d35c9]

==============================================================================

Section Cross References

    startup_stm32f429xx.o(STACK) refers (Special) to heapauxi.o(.text) for __use_two_region_memory
    startup_stm32f429xx.o(HEAP) refers (Special) to heapauxi.o(.text) for __use_two_region_memory
    startup_stm32f429xx.o(RESET) refers (Special) to heapauxi.o(.text) for __use_two_region_memory
    startup_stm32f429xx.o(RESET) refers to startup_stm32f429xx.o(STACK) for __initial_sp
    startup_stm32f429xx.o(RESET) refers to startup_stm32f429xx.o(.text) for Reset_Handler
    startup_stm32f429xx.o(RESET) refers to timer.o(i.TIM3_IRQHandler) for TIM3_IRQHandler
    startup_stm32f429xx.o(RESET) refers to usart.o(i.USART1_IRQHandler) for USART1_IRQHandler
    startup_stm32f429xx.o(RESET) refers to usart3.o(i.USART3_IRQHandler) for USART3_IRQHandler
    startup_stm32f429xx.o(RESET) refers to timer.o(i.TIM5_IRQHandler) for TIM5_IRQHandler
    startup_stm32f429xx.o(RESET) refers to timer.o(i.TIM7_IRQHandler) for TIM7_IRQHandler
    startup_stm32f429xx.o(.text) refers (Special) to heapauxi.o(.text) for __use_two_region_memory
    startup_stm32f429xx.o(.text) refers to __main.o(!!!main) for __main
    startup_stm32f429xx.o(.text) refers to startup_stm32f429xx.o(HEAP) for Heap_Mem
    startup_stm32f429xx.o(.text) refers to startup_stm32f429xx.o(STACK) for Stack_Mem
    main.o(i.main) refers to _printf_percent.o(.ARM.Collect$$_printf_percent$$00000000) for _printf_percent
    main.o(i.main) refers to _printf_d.o(.ARM.Collect$$_printf_percent$$00000009) for _printf_d
    main.o(i.main) refers to _printf_dec.o(.text) for _printf_int_dec
    main.o(i.main) refers to sys.o(i.Stm32_Clock_Init) for Stm32_Clock_Init
    main.o(i.main) refers to delay.o(i.delay_init) for delay_init
    main.o(i.main) refers to usart.o(i.uart_init) for uart_init
    main.o(i.main) refers to usart3.o(i.usart3_init) for usart3_init
    main.o(i.main) refers to sdram.o(i.SDRAM_Init) for SDRAM_Init
    main.o(i.main) refers to lcd.o(i.LCD_Init) for LCD_Init
    main.o(i.main) refers to lcd.o(i.LCD_Clear) for LCD_Clear
    main.o(i.main) refers to lcd.o(i.LCD_ShowString) for LCD_ShowString
    main.o(i.main) refers to __2printf.o(.text) for __2printf
    main.o(i.main) refers to sys.o(i.GPIO_Set) for GPIO_Set
    main.o(i.main) refers to wayz.o(i.wifiscan) for wifiscan
    main.o(i.main) refers to delay.o(i.delay_ms) for delay_ms
    main.o(i.main) refers to lcd.o(.data) for POINT_COLOR
    usart.o(.rev16_text) refers (Special) to use_no_semi_2.o(.text) for __use_no_semihosting
    usart.o(.revsh_text) refers (Special) to use_no_semi_2.o(.text) for __use_no_semihosting
    usart.o(.rrx_text) refers (Special) to use_no_semi_2.o(.text) for __use_no_semihosting
    usart.o(i.USART1_IRQHandler) refers (Special) to use_no_semi_2.o(.text) for __use_no_semihosting
    usart.o(i.USART1_IRQHandler) refers to usart.o(.data) for USART_RX_STA
    usart.o(i.USART1_IRQHandler) refers to usart.o(.bss) for USART_RX_BUF
    usart.o(i._sys_exit) refers (Special) to use_no_semi_2.o(.text) for __use_no_semihosting
    usart.o(i._ttywrch) refers (Special) to use_no_semi_2.o(.text) for __use_no_semihosting
    usart.o(i.fputc) refers (Special) to use_no_semi_2.o(.text) for __use_no_semihosting
    usart.o(i.uart_init) refers (Special) to use_no_semi_2.o(.text) for __use_no_semihosting
    usart.o(i.uart_init) refers to sys.o(i.GPIO_Set) for GPIO_Set
    usart.o(i.uart_init) refers to sys.o(i.GPIO_AF_Set) for GPIO_AF_Set
    usart.o(i.uart_init) refers to sys.o(i.MY_NVIC_Init) for MY_NVIC_Init
    usart.o(.bss) refers (Special) to use_no_semi_2.o(.text) for __use_no_semihosting
    usart.o(.data) refers (Special) to use_no_semi_2.o(.text) for __use_no_semihosting
    sys.o(i.MY_NVIC_Init) refers to sys.o(i.MY_NVIC_PriorityGroupConfig) for MY_NVIC_PriorityGroupConfig
    sys.o(i.Stm32_Clock_Init) refers to sys.o(i.Sys_Clock_Set) for Sys_Clock_Set
    sys.o(i.Stm32_Clock_Init) refers to sys.o(i.MY_NVIC_SetVectorTable) for MY_NVIC_SetVectorTable
    sys.o(i.Sys_Standby) refers to sys.o(i.WFI_SET) for WFI_SET
    delay.o(i.delay_init) refers to delay.o(.data) for fac_us
    delay.o(i.delay_ms) refers to delay.o(i.delay_xms) for delay_xms
    delay.o(i.delay_us) refers to delay.o(.data) for fac_us
    delay.o(i.delay_xms) refers to delay.o(.data) for fac_ms
    wayz.o(i.HAL_Snprintf) refers to vsnprintf.o(.text) for vsnprintf
    wayz.o(i.asset2Json) refers to cjson.o(i.cJSON_CreateObject) for cJSON_CreateObject
    wayz.o(i.asset2Json) refers to cjson.o(i.cJSON_CreateString) for cJSON_CreateString
    wayz.o(i.asset2Json) refers to cjson.o(i.cJSON_AddItemToObject) for cJSON_AddItemToObject
    wayz.o(i.asset2Json) refers to wayz.o(i.os2Json) for os2Json
    wayz.o(i.atk_8266_bridge) refers to _printf_percent.o(.ARM.Collect$$_printf_percent$$00000000) for _printf_percent
[...]
    _printf_llo                              0x0800027f   Thumb Code     0  _printf_llo.o(.ARM.Collect$$_printf_percent$$00000010)
    _printf_llx                              0x08000285   Thumb Code     0  _printf_llx.o(.ARM.Collect$$_printf_percent$$00000011)
    _printf_l                                0x0800028b   Thumb Code     0  _printf_l.o(.ARM.Collect$$_printf_percent$$00000012)
    _printf_c                                0x08000295   Thumb Code     0  _printf_c.o(.ARM.Collect$$_printf_percent$$00000013)
    _printf_s                                0x0800029b   Thumb Code     0  _printf_s.o(.ARM.Collect$$_printf_percent$$00000014)
    _printf_lc                               0x080002a1   Thumb Code     0  _printf_lc.o(.ARM.Collect$$_printf_percent$$00000015)
    _printf_ls                               0x080002a7   Thumb Code     0  _printf_ls.o(.ARM.Collect$$_printf_percent$$00000016)
    _printf_percent_end                      0x080002ad   Thumb Code     0  _printf_percent_end.o(.ARM.Collect$$_printf_percent$$00000017)
    __rt_lib_init                            0x080002b1   Thumb Code     0  libinit.o(.ARM.Collect$$libinit$$00000000)
    __rt_lib_init_fp_1                       0x080002b3   Thumb Code     0  libinit2.o(.ARM.Collect$$libinit$$00000001)
    __rt_lib_init_heap_2                     0x080002b7   Thumb Code     0  libinit2.o(.ARM.Collect$$libinit$$00000005)
    __rt_lib_init_preinit_1                  0x080002b7   Thumb Code     0  libinit2.o(.ARM.Collect$$libinit$$00000004)
    __rt_lib_init_heap_1                     0x080002bf   Thumb Code     0  libinit2.o(.ARM.Collect$$libinit$$0000000A)
    __rt_lib_init_lc_common                  0x080002bf   Thumb Code     0  libinit2.o(.ARM.Collect$$libinit$$0000000F)
    __rt_lib_init_rand_1                     0x080002bf   Thumb Code     0  libinit2.o(.ARM.Collect$$libinit$$0000000E)
    __rt_lib_init_user_alloc_1               0x080002bf   Thumb Code     0  libinit2.o(.ARM.Collect$$libinit$$0000000C)
    __rt_lib_init_lc_collate_1               0x080002c5   Thumb Code     0  libinit2.o(.ARM.Collect$$libinit$$00000011)
    __rt_lib_init_lc_ctype_2                 0x080002c5   Thumb Code     0  libinit2.o(.ARM.Collect$$libinit$$00000012)
    __rt_lib_init_lc_ctype_1                 0x080002d1   Thumb Code     0  libinit2.o(.ARM.Collect$$libinit$$00000013)
    __rt_lib_init_lc_monetary_2              0x080002d1   Thumb Code     0  libinit2.o(.ARM.Collect$$libinit$$00000014)
    __rt_lib_init_lc_monetary_1              0x080002db   Thumb Code     0  libinit2.o(.ARM.Collect$$libinit$$00000015)
    __rt_lib_init_lc_numeric_2               0x080002db   Thumb Code     0  libinit2.o(.ARM.Collect$$libinit$$00000016)
    __rt_lib_init_alloca_1                   0x080002e5   Thumb Code     0  libinit2.o(.ARM.Collect$$libinit$$0000002E)
    __rt_lib_init_argv_1                     0x080002e5   Thumb Code     0  libinit2.o(.ARM.Collect$$libinit$$0000002C)
    __rt_lib_init_atexit_1                   0x080002e5   Thumb Code     0  libinit2.o(.ARM.Collect$$libinit$$0000001B)
    __rt_lib_init_clock_1                    0x080002e5   Thumb Code     0  libinit2.o(.ARM.Collect$$libinit$$00000021)
    __rt_lib_init_cpp_1                      0x080002e5   Thumb Code     0  libinit2.o(.ARM.Collect$$libinit$$00000032)
    __rt_lib_init_exceptions_1               0x080002e5   Thumb Code     0  libinit2.o(.ARM.Collect$$libinit$$00000030)
    __rt_lib_init_fp_trap_1                  0x080002e5   Thumb Code     0  libinit2.o(.ARM.Collect$$libinit$$0000001F)
    __rt_lib_init_getenv_1                   0x080002e5   Thumb Code     0  libinit2.o(.ARM.Collect$$libinit$$00000023)
    __rt_lib_init_lc_numeric_1               0x080002e5   Thumb Code     0  libinit2.o(.ARM.Collect$$libinit$$00000017)
    __rt_lib_init_lc_time_1                  0x080002e5   Thumb Code     0  libinit2.o(.ARM.Collect$$libinit$$00000019)
    __rt_lib_init_return                     0x080002e5   Thumb Code     0  libinit2.o(.ARM.Collect$$libinit$$00000033)
    __rt_lib_init_signal_1                   0x080002e5   Thumb Code     0  libinit2.o(.ARM.Collect$$libinit$$0000001D)
    __rt_lib_init_stdio_1                    0x080002e5   Thumb Code     0  libinit2.o(.ARM.Collect$$libinit$$00000025)
    __rt_lib_shutdown                        0x080002e7   Thumb Code     0  libshutdown.o(.ARM.Collect$$libshutdown$$00000000)
    __rt_lib_shutdown_cpp_1                  0x080002e9   Thumb Code     0  libshutdown2.o(.ARM.Collect$$libshutdown$$00000002)
    __rt_lib_shutdown_fp_trap_1              0x080002e9   Thumb Code     0  libshutdown2.o(.ARM.Collect$$libshutdown$$00000007)
    __rt_lib_shutdown_heap_1                 0x080002e9   Thumb Code     0  libshutdown2.o(.ARM.Collect$$libshutdown$$0000000F)
    __rt_lib_shutdown_return                 0x080002e9   Thumb Code     0  libshutdown2.o(.ARM.Collect$$libshutdown$$00000010)
    __rt_lib_shutdown_signal_1               0x080002e9   Thumb Code     0  libshutdown2.o(.ARM.Collect$$libshutdown$$0000000A)
    __rt_lib_shutdown_stdio_1                0x080002e9   Thumb Code     0  libshutdown2.o(.ARM.Collect$$libshutdown$$00000004)
    __rt_lib_shutdown_user_alloc_1           0x080002e9   Thumb Code     0  libshutdown2.o(.ARM.Collect$$libshutdown$$0000000C)
    __rt_entry                               0x080002eb   Thumb Code     0  __rtentry.o(.ARM.Collect$$rtentry$$00000000)
    __rt_entry_presh_1                       0x080002eb   Thumb Code     0  __rtentry2.o(.ARM.Collect$$rtentry$$00000002)
    __rt_entry_sh                            0x080002eb   Thumb Code     0  __rtentry4.o(.ARM.Collect$$rtentry$$00000004)
    __rt_entry_li                            0x080002f1   Thumb Code     0  __rtentry2.o(.ARM.Collect$$rtentry$$0000000A)
    __rt_entry_postsh_1                      0x080002f1   Thumb Code     0  __rtentry2.o(.ARM.Collect$$rtentry$$00000009)
    __rt_entry_main                          0x080002f5   Thumb Code     0  __rtentry2.o(.ARM.Collect$$rtentry$$0000000D)
    __rt_entry_postli_1                      0x080002f5   Thumb Code     0  __rtentry2.o(.ARM.Collect$$rtentry$$0000000C)
    __rt_exit                                0x080002fd   Thumb Code     0  rtexit.o(.ARM.Collect$$rtexit$$00000000)
    __rt_exit_ls                             0x080002ff   Thumb Code     0  rtexit2.o(.ARM.Collect$$rtexit$$00000003)
    __rt_exit_prels_1                        0x080002ff   Thumb Code     0  rtexit2.o(.ARM.Collect$$rtexit$$00000002)
    __rt_exit_exit                           0x08000303   Thumb Code     0  rtexit2.o(.ARM.Collect$$rtexit$$00000004)
    Reset_Handler                            0x08000309   Thumb Code    14  startup_stm32f429xx.o(.text)
    _maybe_terminate_alloc                   0x08000309   Thumb Code     0  maybetermalloc1.o(.emb_text)
    NMI_Handler                              0x08000317   Thumb Code     2  startup_stm32f429xx.o(.text)
    HardFault_Handler                        0x08000319   Thumb Code     2  startup_stm32f429xx.o(.text)
    MemManage_Handler                        0x0800031b   Thumb Code     2  startup_stm32f429xx.o(.text)
    BusFault_Handler                         0x0800031d   Thumb Code     2  startup_stm32f429xx.o(.text)
    UsageFault_Handler                       0x0800031f   Thumb Code     2  startup_stm32f429xx.o(.text)
    SVC_Handler                              0x08000321   Thumb Code     2  startup_stm32f429xx.o(.text)
    DebugMon_Handler                         0x08000323   Thumb Code     2  startup_stm32f429xx.o(.text)
    PendSV_Handler                           0x08000325   Thumb Code     2  startup_stm32f429xx.o(.text)
    SysTick_Handler                          0x08000327   Thumb Code     2  startup_stm32f429xx.o(.text)
    ADC_IRQHandler                           0x08000329   Thumb Code     0  startup_stm32f429xx.o(.text)
    CAN1_RX0_IRQHandler                      0x08000329   Thumb Code     0  startup_stm32f429xx.o(.text)
    CAN1_RX1_IRQHandler                      0x08000329   Thumb Code     0  startup_stm32f429xx.o(.text)
    CAN1_SCE_IRQHandler                      0x08000329   Thumb Code     0  startup_stm32f429xx.o(.text)
    CAN1_TX_IRQHandler                       0x08000329   Thumb Code     0  startup_stm32f429xx.o(.text)
    CAN2_RX0_IRQHandler                      0x08000329   Thumb Code     0  startup_stm32f429xx.o(.text)
    CAN2_RX1_IRQHandler                      0x08000329   Thumb Code     0  startup_stm32f429xx.o(.text)
    CAN2_SCE_IRQHandler                      0x08000329   Thumb Code     0  startup_stm32f429xx.o(.text)
    CAN2_TX_IRQHandler                       0x08000329   Thumb Code     0  startup_stm32f429xx.o(.text)
    DCMI_IRQHandler                          0x08000329   Thumb Code     0  startup_stm32f429xx.o(.text)
    DMA1_Stream0_IRQHandler                  0x08000329   Thumb Code     0  startup_stm32f429xx.o(.text)
    DMA1_Stream1_IRQHandler                  0x08000329   Thumb Code     0  startup_stm32f429xx.o(.text)
    DMA1_Stream2_IRQHandler                  0x08000329   Thumb Code     0  startup_stm32f429xx.o(.text)
    DMA1_Stream3_IRQHandler                  0x08000329   Thumb Code     0  startup_stm32f429xx.o(.text)
    DMA1_Stream4_IRQHandler                  0x08000329   Thumb Code     0  startup_stm32f429xx.o(.text)
    DMA1_Stream5_IRQHandler                  0x08000329   Thumb Code     0  startup_stm32f429xx.o(.text)
    DMA1_Stream6_IRQHandler                  0x08000329   Thumb Code     0  startup_stm32f429xx.o(.text)
    DMA1_Stream7_IRQHandler                  0x08000329   Thumb Code     0  startup_stm32f429xx.o(.text)
    DMA2D_IRQHandler                         0x08000329   Thumb Code     0  startup_stm32f429xx.o(.text)
    DMA2_Stream0_IRQHandler                  0x08000329   Thumb Code     0  startup_stm32f429xx.o(.text)
    DMA2_Stream1_IRQHandler                  0x08000329   Thumb Code     0  startup_stm32f429xx.o(.text)
    DMA2_Stream2_IRQHandler                  0x08000329   Thumb Code     0  startup_stm32f429xx.o(.text)
    DMA2_Stream3_IRQHandler                  0x08000329   Thumb Code     0  startup_stm32f429xx.o(.text)
    DMA2_Stream4_IRQHandler                  0x08000329   Thumb Code     0  startup_stm32f429xx.o(.text)
    DMA2_Stream5_IRQHandler                  0x08000329   Thumb Code     0  startup_stm32f429xx.o(.text)
    DMA2_Stream6_IRQHandler                  0x08000329   Thumb Code     0  startup_stm32f429xx.o(.text)
    DMA2_Stream7_IRQHandler                  0x08000329   Thumb Code     0  startup_stm32f429xx.o(.text)
    ETH_IRQHandler                           0x08000329   Thumb Code     0  startup_stm32f429xx.o(.text)
    ETH_WKUP_IRQHandler                      0x08000329   Thumb Code     0  startup_stm32f429xx.o(.text)
    EXTI0_IRQHandler                         0x08000329   Thumb Code     0  startup_stm32f429xx.o(.text)
    EXTI15_10_IRQHandler                     0x08000329   Thumb Code     0  startup_stm32f429xx.o(.text)
    EXTI1_IRQHandler                         0x08000329   Thumb Code     0  startup_stm32f429xx.o(.text)
    EXTI2_IRQHandler                         0x08000329   Thumb Code     0  startup_stm32f429xx.o(.text)
    EXTI3_IRQHandler                         0x08000329   Thumb Code     0  startup_stm32f429xx.o(.text)
    EXTI4_IRQHandler                         0x08000329   Thumb Code     0  startup_stm32f429xx.o(.text)
    EXTI9_5_IRQHandler                       0x08000329   Thumb Code     0  startup_stm32f429xx.o(.text)
    FLASH_IRQHandler                         0x08000329   Thumb Code     0  startup_stm32f429xx.o(.text)
    FMC_IRQHandler                           0x08000329   Thumb Code     0  startup_stm32f429xx.o(.text)
    FPU_IRQHandler                           0x08000329   Thumb Code     0  startup_stm32f429xx.o(.text)
    HASH_RNG_IRQHandler                      0x08000329   Thumb Code     0  startup_stm32f429xx.o(.text)
    I2C1_ER_IRQHandler                       0x08000329   Thumb Code     0  startup_stm32f429xx.o(.text)
    I2C1_EV_IRQHandler                       0x08000329   Thumb Code     0  startup_stm32f429xx.o(.text)
    I2C2_ER_IRQHandler                       0x08000329   Thumb Code     0  startup_stm32f429xx.o(.text)
    I2C2_EV_IRQHandler                       0x08000329   Thumb Code     0  startup_stm32f429xx.o(.text)
    I2C3_ER_IRQHandler                       0x08000329   Thumb Code     0  startup_stm32f429xx.o(.text)
    I2C3_EV_IRQHandler                       0x08000329   Thumb Code     0  startup_stm32f429xx.o(.text)
    LTDC_ER_IRQHandler                       0x08000329   Thumb Code     0  startup_stm32f429xx.o(.text)
    LTDC_IRQHandler                          0x08000329   Thumb Code     0  startup_stm32f429xx.o(.text)
    OTG_FS_IRQHandler                        0x08000329   Thumb Code     0  startup_stm32f429xx.o(.text)
    OTG_FS_WKUP_IRQHandler                   0x08000329   Thumb Code     0  startup_stm32f429xx.o(.text)
    OTG_HS_EP1_IN_IRQHandler                 0x08000329   Thumb Code     0  startup_stm32f429xx.o(.text)
    OTG_HS_EP1_OUT_IRQHandler                0x08000329   Thumb Code     0  startup_stm32f429xx.o(.text)
    OTG_HS_IRQHandler                        0x08000329   Thumb Code     0  startup_stm32f429xx.o(.text)
    OTG_HS_WKUP_IRQHandler                   0x08000329   Thumb Code     0  startup_stm32f429xx.o(.text)
    PVD_IRQHandler                           0x08000329   Thumb Code     0  startup_stm32f429xx.o(.text)
    RCC_IRQHandler                           0x08000329   Thumb Code     0  startup_stm32f429xx.o(.text)
    RTC_Alarm_IRQHandler                     0x08000329   Thumb Code     0  startup_stm32f429xx.o(.text)
    RTC_WKUP_IRQHandler                      0x08000329   Thumb Code     0  startup_stm32f429xx.o(.text)
    SAI1_IRQHandler                          0x08000329   Thumb Code     0  startup_stm32f429xx.o(.text)
    SDIO_IRQHandler                          0x08000329   Thumb Code     0  startup_stm32f429xx.o(.text)
    SPI1_IRQHandler                          0x08000329   Thumb Code     0  startup_stm32f429xx.o(.text)
    SPI2_IRQHandler                          0x08000329   Thumb Code     0  startup_stm32f429xx.o(.text)
    SPI3_IRQHandler                          0x08000329   Thumb Code     0  startup_stm32f429xx.o(.text)
    SPI4_IRQHandler                          0x08000329   Thumb Code     0  startup_stm32f429xx.o(.text)
    SPI5_IRQHandler                          0x08000329   Thumb Code     0  startup_stm32f429xx.o(.text)
    SPI6_IRQHandler                          0x08000329   Thumb Code     0  startup_stm32f429xx.o(.text)
    TAMP_STAMP_IRQHandler                    0x08000329   Thumb Code     0  startup_stm32f429xx.o(.text)
    TIM1_BRK_TIM9_IRQHandler                 0x08000329   Thumb Code     0  startup_stm32f429xx.o(.text)
    TIM1_CC_IRQHandler                       0x08000329   Thumb Code     0  startup_stm32f429xx.o(.text)
    TIM1_TRG_COM_TIM11_IRQHandler            0x08000329   Thumb Code     0  startup_stm32f429xx.o(.text)
    TIM1_UP_TIM10_IRQHandler                 0x08000329   Thumb Code     0  startup_stm32f429xx.o(.text)
    TIM2_IRQHandler                          0x08000329   Thumb Code     0  startup_stm32f429xx.o(.text)
    TIM4_IRQHandler                          0x08000329   Thumb Code     0  startup_stm32f429xx.o(.text)
    TIM6_DAC_IRQHandler                      0x08000329   Thumb Code     0  startup_stm32f429xx.o(.text)
    TIM8_BRK_TIM12_IRQHandler                0x08000329   Thumb Code     0  startup_stm32f429xx.o(.text)
    TIM8_CC_IRQHandler                       0x08000329   Thumb Code     0  startup_stm32f429xx.o(.text)
    TIM8_TRG_COM_TIM14_IRQHandler            0x08000329   Thumb Code     0  startup_stm32f429xx.o(.text)
    TIM8_UP_TIM13_IRQHandler                 0x08000329   Thumb Code     0  startup_stm32f429xx.o(.text)
    UART4_IRQHandler                         0x08000329   Thumb Code     0  startup_stm32f429xx.o(.text)
    UART5_IRQHandler                         0x08000329   Thumb Code     0  startup_stm32f429xx.o(.text)
    UART7_IRQHandler                         0x08000329   Thumb Code     0  startup_stm32f429xx.o(.text)
    UART8_IRQHandler                         0x08000329   Thumb Code     0  startup_stm32f429xx.o(.text)
    USART2_IRQHandler                        0x08000329   Thumb Code     0  startup_stm32f429xx.o(.text)
    USART6_IRQHandler                        0x08000329   Thumb Code     0  startup_stm32f429xx.o(.text)
    WWDG_IRQHandler                          0x08000329   Thumb Code     0  startup_stm32f429xx.o(.text)
    __user_initial_stackheap                 0x0800032d   Thumb Code     0  startup_stm32f429xx.o(.text)
    __use_no_semihosting                     0x0800034d   Thumb Code     2  use_no_semi_2.o(.text)
    malloc                                   0x0800034f   Thumb Code    94  h1_alloc.o(.text)
    free                                     0x080003ad   Thumb Code    78  h1_free.o(.text)
    realloc                                  0x080003fb   Thumb Code   184  h1_realloc.o(.text)
    vprintf                                  0x080004b5   Thumb Code     8  vprintf.o(.text)
    vsprintf                                 0x080004c1   Thumb Code    32  vsprintf.o(.text)
    vsnprintf                                0x080004e5   Thumb Code    48  vsnprintf.o(.text)
    __2printf                                0x08000519   Thumb Code    20  __2printf.o(.text)
    __2sprintf                               0x08000531   Thumb Code    38  __2sprintf.o(.text)
    _printf_pre_padding                      0x0800055d   Thumb Code    44  _printf_pad.o(.text)
    _printf_post_padding                     0x08000589   Thumb Code    34  _printf_pad.o(.text)
    _printf_str                              0x080005ab   Thumb Code    82  _printf_str.o(.text)
    _printf_int_dec                          0x080005fd   Thumb Code   104  _printf_dec.o(.text)
    _printf_longlong_hex                     0x08000675   Thumb Code    86  _printf_hex_int_ll_ptr.o(.text)
    _printf_int_hex                          0x080006cb   Thumb Code    28  _printf_hex_int_ll_ptr.o(.text)
    _printf_ll_hex                           0x080006e7   Thumb Code    12  _printf_hex_int_ll_ptr.o(.text)
    _printf_hex_ptr                          0x080006f3   Thumb Code    18  _printf_hex_int_ll_ptr.o(.text)
    __printf                                 0x08000709   Thumb Code   388  __printf_flags_ss_wp.o(.text)
    __0sscanf                                0x08000891   Thumb Code    52  __0sscanf.o(.text)
    localeconv                               0x080008cd   Thumb Code    12  localeconv.o(.text)
    strstr                                   0x080008dd   Thumb Code    36  strstr.o(.text)
    strcpy                                   0x08000901   Thumb Code    72  strcpy.o(.text)
    strlen                                   0x08000949   Thumb Code    62  strlen.o(.text)
    __aeabi_memcpy                           0x08000987   Thumb Code     0  rt_memcpy_v6.o(.text)
    __rt_memcpy                              0x08000987   Thumb Code   138  rt_memcpy_v6.o(.text)
    _memcpy_lastbytes                        0x080009ed   Thumb Code     0  rt_memcpy_v6.o(.text)
    __aeabi_memcpy4                          0x08000a11   Thumb Code     0  rt_memcpy_w.o(.text)
    __aeabi_memcpy8                          0x08000a11   Thumb Code     0  rt_memcpy_w.o(.text)
    __rt_memcpy_w                            0x08000a11   Thumb Code   100  rt_memcpy_w.o(.text)
    _memcpy_lastbytes_aligned                0x08000a59   Thumb Code     0  rt_memcpy_w.o(.text)
    __aeabi_memclr                           0x08000a75   Thumb Code     0  rt_memclr.o(.text)
    __rt_memclr                              0x08000a75   Thumb Code    68  rt_memclr.o(.text)
    _memset                                  0x08000a79   Thumb Code     0  rt_memclr.o(.text)
    __aeabi_memclr4                          0x08000ab9   Thumb Code     0  rt_memclr_w.o(.text)
    __aeabi_memclr8                          0x08000ab9   Thumb Code     0  rt_memclr_w.o(.text)
    __rt_memclr_w                            0x08000ab9   Thumb Code    78  rt_memclr_w.o(.text)
    _memset_w                                0x08000abd   Thumb Code     0  rt_memclr_w.o(.text)
    strcmp                                   0x08000b09   Thumb Code   128  strcmpv7m.o(.text)
    __use_two_region_memory                  0x08000b89   Thumb Code     2  heapauxi.o(.text)
    __rt_heap_escrow                         0x08000b8b   Thumb Code     2  heapauxi.o(.text)
    __rt_heap_expand                         0x08000b8d   Thumb Code     2  heapauxi.o(.text)
    __I$use$semihosting                      0x08000b8f   Thumb Code     0  use_no_semi.o(.text)
    __use_no_semihosting_swi                 0x08000b8f   Thumb Code     2  use_no_semi.o(.text)
    __rt_ctype_table                         0x08000b91   Thumb Code    16  rt_ctype_table.o(.text)
    __rt_heap_descriptor                     0x08000ba1   Thumb Code     8  rt_heap_descriptor_intlibspace.o(.text)
    __use_no_heap                            0x08000ba9   Thumb Code     2  hguard.o(.text)
    __heap$guard                             0x08000bab   Thumb Code     2  hguard.o(.text)
    _terminate_user_alloc                    0x08000bad   Thumb Code     2  init_alloc.o(.text)
    _init_user_alloc                         0x08000baf   Thumb Code     2  init_alloc.o(.text)
    __Heap_Full                              0x08000bb1   Thumb Code    34  init_alloc.o(.text)
    __Heap_Broken                            0x08000bd3   Thumb Code     6  init_alloc.o(.text)
    _init_alloc                              0x08000bd9   Thumb Code    94  init_alloc.o(.text)
    __Heap_Initialize                        0x08000c37   Thumb Code    10  h1_init.o(.text)
    __Heap_DescSize                          0x08000c41   Thumb Code     4  h1_init.o(.text)
    _printf_truncate_signed                  0x08000c45   Thumb Code    18  _printf_truncate.o(.text)
    _printf_truncate_unsigned                0x08000c57   Thumb Code    18  _printf_truncate.o(.text)
    _printf_int_common                       0x08000c69   Thumb Code   178  _printf_intcommon.o(.text)
    _printf_charcount                        0x08000d1b   Thumb Code    40  _printf_charcount.o(.text)
    __lib_sel_fp_printf                      0x08000d43   Thumb Code     2  _printf_fp_dec.o(.text)
    _printf_fp_dec_real                      0x08000ef1   Thumb Code   620  _printf_fp_dec.o(.text)
    _printf_char_common                      0x08001167   Thumb Code    32  _printf_char_common.o(.text)
    _sputc                                   0x0800118d   Thumb Code    10  _sputc.o(.text)
    _snputc                                  0x08001197   Thumb Code    16  _snputc.o(.text)
    _printf_cs_common                        0x080011a7   Thumb Code    20  _printf_char.o(.text)
    _printf_char                             0x080011bb   Thumb Code    16  _printf_char.o(.text)
    _printf_string                           0x080011cb   Thumb Code     8  _printf_char.o(.text)
    _printf_char_file                        0x080011d5   Thumb Code    32  _printf_char_file.o(.text)
    _printf_wctomb                           0x080011f9   Thumb Code   182  _printf_wctomb.o(.text)
    _printf_longlong_dec                     0x080012b5   Thumb Code   108  _printf_longlong_dec.o(.text)
    _printf_longlong_oct                     0x08001331   Thumb Code    68  _printf_oct_int_ll.o(.text)
    _printf_int_oct                          0x08001375   Thumb Code    24  _printf_oct_int_ll.o(.text)
    _printf_ll_oct                           0x0800138d   Thumb Code    12  _printf_oct_int_ll.o(.text)
    _scanf_really_real                       0x0800159d   Thumb Code   668  scanf_fp.o(.text)
    __vfscanf_char                           0x08001851   Thumb Code    24  scanf_char.o(.text)
    _sgetc                                   0x08001871   Thumb Code    30  _sgetc.o(.text)
    _sbackspace                              0x0800188f   Thumb Code    34  _sgetc.o(.text)
    _get_lconv                               0x080018b1   Thumb Code   114  _lconv.o(.text)
    __user_libspace                          0x08001925   Thumb Code     8  libspace.o(.text)
    __user_perproc_libspace                  0x08001925   Thumb Code     0  libspace.o(.text)
    __user_perthread_libspace                0x08001925   Thumb Code     0  libspace.o(.text)
    __rt_locale                              0x0800192d   Thumb Code     8  rt_locale_intlibspace.o(.text)
    __aeabi_errno_addr                       0x08001935   Thumb Code     8  rt_errno_addr_intlibspace.o(.text)
    __errno$intlibspace                      0x08001935   Thumb Code     0  rt_errno_addr_intlibspace.o(.text)
    __rt_errno_addr$intlibspace              0x08001935   Thumb Code     0  rt_errno_addr_intlibspace.o(.text)
    __Heap_ProvideMemory                     0x0800193d   Thumb Code    52  h1_extend.o(.text)
    _ll_udiv10                               0x08001971   Thumb Code   138  lludiv10.o(.text)
    isspace                                  0x080019fb   Thumb Code    18  isspace.o(.text)
    _printf_fp_hex_real                      0x08001a0d   Thumb Code   756  _printf_fp_hex.o(.text)
    _printf_fp_infnan                        0x08001d09   Thumb Code   112  _printf_fp_infnan.o(.text)
    _printf_lcs_common                       0x08001d89   Thumb Code    20  _printf_wchar.o(.text)
    _printf_wchar                            0x08001d9d   Thumb Code    16  _printf_wchar.o(.text)
    _printf_wstring                          0x08001dad   Thumb Code     8  _printf_wchar.o(.text)
    __vfscanf                                0x08001db5   Thumb Code   878  _scanf.o(.text)
    _btod_etento                             0x08002129   Thumb Code   216  bigflt0.o(.text)
    ferror                                   0x08002205   Thumb Code     8  ferror.o(.text)
    _wcrtomb                                 0x0800220d   Thumb Code    64  _wcrtomb.o(.text)
    __rt_SIGRTMEM                            0x0800224d   Thumb Code    14  defsig_rtmem_outer.o(.text)
    __user_setup_stackheap                   0x0800225b   Thumb Code    74  sys_stackheap_outer.o(.text)
    __read_errno                             0x080022a5   Thumb Code    10  _rserrno.o(.text)
    __set_errno                              0x080022af   Thumb Code    12  _rserrno.o(.text)
    _scanf_really_hex_real                   0x080022bd   Thumb Code   786  scanf_hexfp.o(.text)
    _scanf_really_infnan                     0x080025dd   Thumb Code   292  scanf_infnan.o(.text)
    exit                                     0x08002711   Thumb Code    18  exit.o(.text)
    __sig_exit                               0x08002723   Thumb Code    10  defsig_exit.o(.text)
    __rt_SIGRTMEM_inner                      0x0800272d   Thumb Code    22  defsig_rtmem_inner.o(.text)
    __aeabi_llsl                             0x0800277d   Thumb Code     0  llshl.o(.text)
    _ll_shift_l                              0x0800277d   Thumb Code    38  llshl.o(.text)
    _chval                                   0x080027a3   Thumb Code    28  _chval.o(.text)
    __default_signal_display                 0x080027bf   Thumb Code    50  defsig_general.o(.text)
    _btod_d2e                                0x080027f1   Thumb Code    62  btod.o(CL$$btod_d2e)
    _d2e_denorm_low                          0x0800282f   Thumb Code    70  btod.o(CL$$btod_d2e_denorm_low)
    _d2e_norm_op1                            0x08002875   Thumb Code    96  btod.o(CL$$btod_d2e_norm_op1)
    __btod_div_common                        0x080028d5   Thumb Code   696  btod.o(CL$$btod_div_common)
    _e2d                                     0x08002c0d   Thumb Code    80  btod.o(CL$$btod_e2d)
    _e2e                                     0x08002c61   Thumb Code   198  btod.o(CL$$btod_e2e)
    _btod_ediv                               0x08002d27   Thumb Code    40  btod.o(CL$$btod_ediv)
    _btod_edivd                              0x08002d4f   Thumb Code    40  btod.o(CL$$btod_edivd)
    _btod_emul                               0x08002d77   Thumb Code    40  btod.o(CL$$btod_emul)
    _btod_emuld                              0x08002d9f   Thumb Code    40  btod.o(CL$$btod_emuld)
    __btod_mult_common                       0x08002dc7   Thumb Code   580  btod.o(CL$$btod_mult_common)
    AtoI                                     0x0800300b   Thumb Code   138  wayz.o(i.AtoI)
    GPIO_AF_Set                              0x08003095   Thumb Code    64  sys.o(i.GPIO_AF_Set)
    GPIO_Set                                 0x080030d5   Thumb Code   262  sys.o(i.GPIO_Set)
    HAL_Snprintf                             0x080031e1   Thumb Code    38  wayz.o(i.HAL_Snprintf)
    LCD_Clear                                0x08003209   Thumb Code    58  lcd.o(i.LCD_Clear)
    LCD_Display_Dir                          0x08003251   Thumb Code   376  lcd.o(i.LCD_Display_Dir)
    LCD_DrawLine                             0x080033d1   Thumb Code   176  lcd.o(i.LCD_DrawLine)
    LCD_DrawPoint                            0x08003481   Thumb Code    48  lcd.o(i.LCD_DrawPoint)
    LCD_Fast_DrawPoint                       0x080034bd   Thumb Code   278  lcd.o(i.LCD_Fast_DrawPoint)
    LCD_Init                                 0x080035e1   Thumb Code  9604  lcd.o(i.LCD_Init)
    LCD_Pow                                  0x08005b71   Thumb Code    22  lcd.o(i.LCD_Pow)
    LCD_RD_DATA                              0x08005b89   Thumb Code    14  lcd.o(i.LCD_RD_DATA)
    LCD_SSD_BackLightSet                     0x08005b9d   Thumb Code    88  lcd.o(i.LCD_SSD_BackLightSet)
    LCD_Scan_Dir                             0x08005bfd   Thumb Code   624  lcd.o(i.LCD_Scan_Dir)
    LCD_SetCursor                            0x08005e71   Thumb Code   306  lcd.o(i.LCD_SetCursor)
    LCD_ShowChar                             0x08005fa9   Thumb Code   288  lcd.o(i.LCD_ShowChar)
    LCD_ShowNum                              0x080060e5   Thumb Code   148  lcd.o(i.LCD_ShowNum)
    LCD_ShowString                           0x08006179   Thumb Code   102  lcd.o(i.LCD_ShowString)
    LCD_WR_DATA                              0x080061e1   Thumb Code    18  lcd.o(i.LCD_WR_DATA)
    LCD_WR_REG                               0x080061f9   Thumb Code    18  lcd.o(i.LCD_WR_REG)
    LCD_WriteRAM_Prepare                     0x08006211   Thumb Code    10  lcd.o(i.LCD_WriteRAM_Prepare)
    LCD_WriteReg                             0x08006225   Thumb Code    10  lcd.o(i.LCD_WriteReg)
    LTDC_Clear                               0x08006235   Thumb Code    32  ltdc.o(i.LTDC_Clear)
    LTDC_Clk_Set                             0x08006259   Thumb Code   148  ltdc.o(i.LTDC_Clk_Set)
    LTDC_Display_Dir                         0x080062f1   Thumb Code    40  ltdc.o(i.LTDC_Display_Dir)
    LTDC_Draw_Point                          0x0800631d   Thumb Code    86  ltdc.o(i.LTDC_Draw_Point)
    LTDC_Fill                                0x0800637d   Thumb Code   312  ltdc.o(i.LTDC_Fill)
    LTDC_Init                                0x080064c5   Thumb Code   860  ltdc.o(i.LTDC_Init)
    LTDC_Layer_Parameter_Config              0x08006851   Thumb Code   132  ltdc.o(i.LTDC_Layer_Parameter_Config)
    LTDC_Layer_Switch                        0x080068d9   Thumb Code    90  ltdc.o(i.LTDC_Layer_Switch)
    LTDC_Layer_Window_Config                 0x08006939   Thumb Code   304  ltdc.o(i.LTDC_Layer_Window_Config)
    LTDC_PanelID_Read                        0x08006a71   Thumb Code   136  ltdc.o(i.LTDC_PanelID_Read)
    LTDC_Select_Layer                        0x08006b11   Thumb Code     6  ltdc.o(i.LTDC_Select_Layer)
    LTDC_Switch                              0x08006b1d   Thumb Code    34  ltdc.o(i.LTDC_Switch)
    MY_NVIC_Init                             0x08006b45   Thumb Code   116  sys.o(i.MY_NVIC_Init)
    MY_NVIC_PriorityGroupConfig              0x08006bbd   Thumb Code    32  sys.o(i.MY_NVIC_PriorityGroupConfig)
    MY_NVIC_SetVectorTable                   0x08006be5   Thumb Code    12  sys.o(i.MY_NVIC_SetVectorTable)
    SDRAM_Init                               0x08006bf5   Thumb Code   688  sdram.o(i.SDRAM_Init)
    SDRAM_Send_Cmd                           0x08006ec1   Thumb Code    66  sdram.o(i.SDRAM_Send_Cmd)
    Stm32_Clock_Init                         0x08006f09   Thumb Code    90  sys.o(i.Stm32_Clock_Init)
    Sys_Clock_Set                            0x08006f71   Thumb Code   254  sys.o(i.Sys_Clock_Set)
    TIM3_IRQHandler                          0x0800707d   Thumb Code    40  timer.o(i.TIM3_IRQHandler)
    TIM5_IRQHandler                          0x080070ad   Thumb Code   220  timer.o(i.TIM5_IRQHandler)
    TIM7_IRQHandler                          0x08007195   Thumb Code    52  timer.o(i.TIM7_IRQHandler)
    TIM7_Int_Init                            0x080071d1   Thumb Code    80  timer.o(i.TIM7_Int_Init)
    USART1_IRQHandler                        0x08007229   Thumb Code   122  usart.o(i.USART1_IRQHandler)
    USART3_IRQHandler                        0x080072b1   Thumb Code    96  usart3.o(i.USART3_IRQHandler)
    __ARM_fpclassify                         0x08007321   Thumb Code    48  fpclassify.o(i.__ARM_fpclassify)
    __hardfp_ldexp                           0x08007351   Thumb Code   200  ldexp.o(i.__hardfp_ldexp)
    __mathlib_dbl_overflow                   0x08007421   Thumb Code    24  dunder.o(i.__mathlib_dbl_overflow)
    __mathlib_dbl_underflow                  0x08007441   Thumb Code    24  dunder.o(i.__mathlib_dbl_underflow)
    __mathlib_narrow                         0x08007461   Thumb Code   166  narrow.o(i.__mathlib_narrow)
    __support_ldexp                          0x08007519   Thumb Code    20  ldexp.o(i.__support_ldexp)
    _is_digit                                0x0800752d   Thumb Code    14  __printf_wp.o(i._is_digit)
    _sys_exit                                0x0800753b   Thumb Code     4  usart.o(i._sys_exit)
    _ttywrch                                 0x0800753f   Thumb Code     4  usart.o(i._ttywrch)
    asset2Json                               0x08007545   Thumb Code   148  wayz.o(i.asset2Json)
    atk_8266_bridge                          0x0800761d   Thumb Code   164  wayz.o(i.atk_8266_bridge)
    atk_8266_check_cmd                       0x080076e1   Thumb Code    66  wayz.o(i.atk_8266_check_cmd)
    atk_8266_quit_trans                      0x08007755   Thumb Code   100  wayz.o(i.atk_8266_quit_trans)
    atk_8266_send_cmd                        0x080077c5   Thumb Code   156  wayz.o(i.atk_8266_send_cmd)
    cJSON_AddItemToArray                     0x08007909   Thumb Code    44  cjson.o(i.cJSON_AddItemToArray)
    cJSON_AddItemToObject                    0x08007935   Thumb Code    42  cjson.o(i.cJSON_AddItemToObject)
    cJSON_AddItemToObjectCS                  0x08007965   Thumb Code    54  cjson.o(i.cJSON_AddItemToObjectCS)
    cJSON_CreateArray                        0x080079a1   Thumb Code    20  cjson.o(i.cJSON_CreateArray)
    cJSON_CreateBool                         0x080079b9   Thumb Code    28  cjson.o(i.cJSON_CreateBool)
    cJSON_CreateNumber                       0x080079d9   Thumb Code   102  cjson.o(i.cJSON_CreateNumber)
    cJSON_CreateObject                       0x08007a55   Thumb Code    20  cjson.o(i.cJSON_CreateObject)
    cJSON_CreateString                       0x08007a6d   Thumb Code    46  cjson.o(i.cJSON_CreateString)
    cJSON_Delete                             0x08007aa1   Thumb Code    84  cjson.o(i.cJSON_Delete)
    cJSON_Print                              0x08007b15   Thumb Code    16  cjson.o(i.cJSON_Print)
    cJSON_PrintUnformatted                   0x08007b29   Thumb Code    16  cjson.o(i.cJSON_PrintUnformatted)
    connectWifi                              0x08007b75   Thumb Code   282  wayz.o(i.connectWifi)
    delay_init                               0x08007d55   Thumb Code    46  delay.o(i.delay_init)
    delay_ms                                 0x08007d8d   Thumb Code    56  delay.o(i.delay_ms)
    delay_us                                 0x08007dc5   Thumb Code    56  delay.o(i.delay_us)
    delay_xms                                0x08007e01   Thumb Code    56  delay.o(i.delay_xms)
    fputc                                    0x08007ee9   Thumb Code    22  usart.o(i.fputc)
    frexp                                    0x08007f09   Thumb Code   118  frexp.o(i.frexp)
    getDEVID                                 0x08007f95   Thumb Code     4  wayz.o(i.getDEVID)
    getInfoFromRaw                           0x08007f9d   Thumb Code   448  wayz.o(i.getInfoFromRaw)
    getMAC                                   0x08008215   Thumb Code    78  wayz.o(i.getMAC)
    getMODEL                                 0x08008295   Thumb Code     4  wayz.o(i.getMODEL)
    getSOFTV                                 0x0800829d   Thumb Code     4  wayz.o(i.getSOFTV)
    getUUID                                  0x080082a5   Thumb Code     4  wayz.o(i.getUUID)
    getWifiCount                             0x080082ad   Thumb Code    14  wayz.o(i.getWifiCount)
    gnss2Json                                0x080082d5   Thumb Code   388  wayz.o(i.gnss2Json)
    initESP8266                              0x080084c1   Thumb Code    70  wayz.o(i.initESP8266)
    location2Json                            0x08008539   Thumb Code    62  wayz.o(i.location2Json)
    logd                                     0x080085d9   Thumb Code    38  zlog.o(i.logd)
    loge                                     0x08008609   Thumb Code    38  zlog.o(i.loge)
    logi                                     0x08008639   Thumb Code    38  zlog.o(i.logi)
    mMemset                                  0x08008669   Thumb Code    20  cjson.o(i.mMemset)
    main                                     0x0800867d   Thumb Code   210  main.o(i.main)
    os2Json                                  0x080087e1   Thumb Code    56  wayz.o(i.os2Json)
    printOutInfo                             0x080088d1   Thumb Code   328  wayz.o(i.printOutInfo)
    strCount                                 0x08008fe9   Thumb Code    48  wayz.o(i.strCount)
    track2CJson                              0x08009021   Thumb Code   170  wayz.o(i.track2CJson)
    track2JsonString                         0x0800913d   Thumb Code    64  wayz.o(i.track2JsonString)
    u3_printf                                0x0800919d   Thumb Code    72  usart3.o(i.u3_printf)
    uart_init                                0x080091ed   Thumb Code   240  usart.o(i.uart_init)
    usart3_init                              0x08009311   Thumb Code   262  usart3.o(i.usart3_init)
    wifi2Json                                0x08009431   Thumb Code   412  wayz.o(i.wifi2Json)
    wifiscan                                 0x08009645   Thumb Code   920  wayz.o(i.wifiscan)
    _get_lc_ctype                            0x08009ca1   Thumb Code    44  lc_ctype_c.o(locale$$code)
    _get_lc_monetary                         0x08009ccd   Thumb Code    44  lc_monetary_c.o(locale$$code)
    _get_lc_numeric                          0x08009cf9   Thumb Code    44  lc_numeric_c.o(locale$$code)
    __aeabi_d2f                              0x08009d25   Thumb Code     0  d2f.o(x$fpl$d2f)
    _d2f                                     0x08009d25   Thumb Code    98  d2f.o(x$fpl$d2f)
    __fpl_dcheck_NaN1                        0x08009d89   Thumb Code    10  dcheck1.o(x$fpl$dcheck1)
    __fpl_dcmp_Inf                           0x08009d99   Thumb Code    24  dcmpi.o(x$fpl$dcmpinf)
    __aeabi_cdcmpeq                          0x08009db1   Thumb Code     0  deqf.o(x$fpl$deqf)
    _dcmpeq                                  0x08009db1   Thumb Code   120  deqf.o(x$fpl$deqf)
    __aeabi_d2iz                             0x08009e29   Thumb Code     0  dfix.o(x$fpl$dfix)
    _dfix                                    0x08009e29   Thumb Code    94  dfix.o(x$fpl$dfix)
    __aeabi_d2uiz                            0x08009e89   Thumb Code     0  dfixu.o(x$fpl$dfixu)
    _dfixu                                   0x08009e89   Thumb Code    90  dfixu.o(x$fpl$dfixu)
    __aeabi_i2d                              0x08009ee3   Thumb Code     0  dflt_clz.o(x$fpl$dflt)
    _dflt                                    0x08009ee3   Thumb Code    46  dflt_clz.o(x$fpl$dflt)
    __aeabi_l2d                              0x08009f11   Thumb Code     0  dfltll_clz.o(x$fpl$dfltll)
    _ll_sto_d                                0x08009f11   Thumb Code   162  dfltll_clz.o(x$fpl$dfltll)
    __aeabi_ui2d                             0x08009fb3   Thumb Code     0  dflt_clz.o(x$fpl$dfltu)
    _dfltu                                   0x08009fb3   Thumb Code    38  dflt_clz.o(x$fpl$dfltu)
    __aeabi_cdcmple                          0x08009fd9   Thumb Code     0  dleqf.o(x$fpl$dleqf)
    _dcmple                                  0x08009fd9   Thumb Code   120  dleqf.o(x$fpl$dleqf)
    __fpl_dcmple_InfNaN                      0x0800a03b   Thumb Code     0  dleqf.o(x$fpl$dleqf)
    __aeabi_dmul                             0x0800a051   Thumb Code     0  dmul.o(x$fpl$dmul)
    _dmul                                    0x0800a051   Thumb Code   332  dmul.o(x$fpl$dmul)
    __fpl_dnaninf                            0x0800a1a5   Thumb Code   156  dnaninf.o(x$fpl$dnaninf)
    __fpl_dretinf                            0x0800a241   Thumb Code    12  dretinf.o(x$fpl$dretinf)
    __aeabi_cdrcmple                         0x0800a24d   Thumb Code     0  drleqf.o(x$fpl$drleqf)
    _drcmple                                 0x0800a24d   Thumb Code   108  drleqf.o(x$fpl$drleqf)
    __aeabi_f2d                              0x0800a2b9   Thumb Code     0  f2d.o(x$fpl$f2d)
    _f2d                                     0x0800a2b9   Thumb Code    86  f2d.o(x$fpl$f2d)
    __fpl_fnaninf                            0x0800a30f   Thumb Code   140  fnaninf.o(x$fpl$fnaninf)
    _fp_init                                 0x0800a39b   Thumb Code    10  fpinit.o(x$fpl$fpinit)
    __fplib_config_fpu_vfp                   0x0800a3a3   Thumb Code     0  fpinit.o(x$fpl$fpinit)
    __fplib_config_pureend_doubles           0x0800a3a3   Thumb Code     0  fpinit.o(x$fpl$fpinit)
    __fpl_fretinf                            0x0800a3a5   Thumb Code    10  fretinf.o(x$fpl$fretinf)
    _printf_fp_dec                           0x0800a3af   Thumb Code     4  printf1.o(x$fpl$printf1)
    _printf_fp_hex                           0x0800a3b3   Thumb Code     4  printf2.o(x$fpl$printf2)
    __fpl_return_NaN                         0x0800a3b7   Thumb Code   100  retnan.o(x$fpl$retnan)
    __ARM_scalbn                             0x0800a41b   Thumb Code    92  scalbn.o(x$fpl$scalbn)
    _scanf_real                              0x0800a477   Thumb Code     4  scanf1.o(x$fpl$scanf1)
    _scanf_hex_real                          0x0800a47b   Thumb Code     4  scanf2.o(x$fpl$scanf2)
    _scanf_infnan                            0x0800a47f   Thumb Code     4  scanf2.o(x$fpl$scanf2)
    __fpl_cmpreturn                          0x0800a483   Thumb Code    48  trapv.o(x$fpl$trapveneer)
    __I$use$fp                               0x0800a4b2   Number         0  usenofp.o(x$fpl$usenofp)
    asc2_1206                                0x0800a4b2   Data        1140  lcd.o(.constdata)
    asc2_1608                                0x0800a926   Data        1520  lcd.o(.constdata)
    asc2_2412                                0x0800af16   Data        3420  lcd.o(.constdata)
    asc2_3216                                0x0800bc72   Data       12160  lcd.o(.constdata)
    Region$$Table$$Base                      0x0800edcc   Number         0  anon$$obj.o(Region$$Table)
    Region$$Table$$Limit                     0x0800edec   Number         0  anon$$obj.o(Region$$Table)
    __aeabi_HUGE_VAL                         0x0800edec   Data           0  fpconst.o(c$$dinf)
    __aeabi_HUGE_VALL                        0x0800edec   Data           0  fpconst.o(c$$dinf)
    __aeabi_INFINITY                         0x0800edec   Data           0  fpconst.o(c$$dinf)
    __dInf                                   0x0800edec   Data           0  fpconst.o(c$$dinf)
    __huge_val                               0x0800edec   Data           0  fpconst.o(c$$dinf)
    __ctype                                  0x0800ee01   Data           0  lc_ctype_c.o(locale$$data)
    __stdout                                 0x20000000   Data           4  usart.o(.data)
    USART_RX_STA                             0x20000004   Data           2  usart.o(.data)
    wificount                                0x2000000c   Data           4  wayz.o(.data)
    wifi_m                                   0x20000010   Data           4  wayz.o(.data)
    cipsend                                  0x20000014   Data          20  wayz.o(.data)
    POINT_COLOR                              0x20000064   Data           4  lcd.o(.data)
    BACK_COLOR                               0x20000068   Data           4  lcd.o(.data)
    ltdc_framebuf                            0x2000006c   Data           8  ltdc.o(.data)
    USART3_RX_STA                            0x20000074   Data           2  usart3.o(.data)
    TIM5CH1_CAPTURE_STA                      0x20000078   Data           1  timer.o(.data)
    TIM5CH1_CAPTURE_VAL                      0x2000007c   Data           4  timer.o(.data)
    USART_RX_BUF                             0x20000080   Data        5000  usart.o(.bss)
    wifi_x                                   0x20001408   Data        2640  wayz.o(.bss)
    post_content                             0x20001e58   Data         210  wayz.o(.bss)
    senddata                                 0x20001f2a   Data        4000  wayz.o(.bss)
    lcddev                                   0x20002f6a   Data          14  lcd.o(.bss)
    lcdltdc                                  0x20002f78   Data          32  ltdc.o(.bss)
    USART3_TX_BUF                            0x20002f98   Data        4000  usart3.o(.bss)
    USART3_RX_BUF                            0x20003f38   Data        2000  usart3.o(.bss)
    __libspace_start                         0x20004738   Data          96  libspace.o(.bss)
    __temporary_stack_top$libspace           0x20004798   Data           0  libspace.o(.bss)
    ltdc_lcd_framebuf                        0xc0000000   Data       2048000  ltdc.o(.ARM.__AT_0xC0000000)



==============================================================================

Memory Map of the image

  Image Entry point : 0x080001ad

  Load Region LR_IROM1 (Base: 0x08000000, Size: 0x0000efd8, Max: 0x00100000, ABSOLUTE)

    Execution Region ER_IROM1 (Base: 0x08000000, Size: 0x0000ef58, Max: 0x00100000, ABSOLUTE)

    Base Addr    Size         Type   Attr      Idx    E Section Name        Object

    0x08000000   0x000001ac   Data   RO            3    RESET               startup_stm32f429xx.o
    0x080001ac   0x00000008   Code   RO          355  * !!!main             c_w.l(__main.o)
    0x080001b4   0x00000034   Code   RO          651    !!!scatter          c_w.l(__scatter.o)
    0x080001e8   0x0000001a   Code   RO          652    !!handler_copy      c_w.l(__scatter_copy.o)
    0x08000202   0x00000002   PAD
    0x08000204   0x0000001c   Code   RO          653    !!handler_zi        c_w.l(__scatter_zi.o)
    0x08000220   0x00000000   Code   RO          341    .ARM.Collect$$_printf_percent$$00000000  c_w.l(_printf_percent.o)
    0x08000220   0x00000006   Code   RO          408    .ARM.Collect$$_printf_percent$$00000001  c_w.l(_printf_n.o)
    0x08000226   0x00000006   Code   RO          409    .ARM.Collect$$_printf_percent$$00000002  c_w.l(_printf_p.o)
    0x0800022c   0x00000006   Code   RO          412    .ARM.Collect$$_printf_percent$$00000003  c_w.l(_printf_f.o)
    0x08000232   0x00000006   Code   RO          413    .ARM.Collect$$_printf_percent$$00000004  c_w.l(_printf_e.o)
    0x08000238   0x00000006   Code   RO          340    .ARM.Collect$$_printf_percent$$00000005  c_w.l(_printf_g.o)
    0x0800023e   0x00000006   Code   RO          414    .ARM.Collect$$_printf_percent$$00000006  c_w.l(_printf_a.o)
    0x08000244   0x0000000a   Code   RO          419    .ARM.Collect$$_printf_percent$$00000007  c_w.l(_printf_ll.o)
    0x0800024e   0x00000006   Code   RO          338    .ARM.Collect$$_printf_percent$$00000008  c_w.l(_printf_i.o)
    0x08000254   0x00000006   Code   RO          339    .ARM.Collect$$_printf_percent$$00000009  c_w.l(_printf_d.o)
    0x0800025a   0x00000006   Code   RO          411    .ARM.Collect$$_printf_percent$$0000000A  c_w.l(_printf_u.o)
    0x08000260   0x00000006   Code   RO          410    .ARM.Collect$$_printf_percent$$0000000B  c_w.l(_printf_o.o)
    0x08000266   0x00000006   Code   RO          337    .ARM.Collect$$_printf_percent$$0000000C  c_w.l(_printf_x.o)
    0x0800026c   0x00000006   Code   RO          416    .ARM.Collect$$_printf_percent$$0000000D  c_w.l(_printf_lli.o)
    0x08000272   0x00000006   Code   RO          417    .ARM.Collect$$_printf_percent$$0000000E  c_w.l(_printf_lld.o)
    0x08000278   0x00000006   Code   RO          418    .ARM.Collect$$_printf_percent$$0000000F  c_w.l(_printf_llu.o)
    0x0800027e   0x00000006   Code   RO          423    .ARM.Collect$$_printf_percent$$00000010  c_w.l(_printf_llo.o)
    0x08000284   0x00000006   Code   RO          424    .ARM.Collect$$_printf_percent$$00000011  c_w.l(_printf_llx.o)
    0x0800028a   0x0000000a   Code   RO          420    .ARM.Collect$$_printf_percent$$00000012  c_w.l(_printf_l.o)
    0x08000294   0x00000006   Code   RO          407    .ARM.Collect$$_printf_percent$$00000013  c_w.l(_printf_c.o)
    0x0800029a   0x00000006   Code   RO          336    .ARM.Collect$$_printf_percent$$00000014  c_w.l(_printf_s.o)
    0x080002a0   0x00000006   Code   RO          421    .ARM.Collect$$_printf_percent$$00000015  c_w.l(_printf_lc.o)
    0x080002a6   0x00000006   Code   RO          422    .ARM.Collect$$_printf_percent$$00000016  c_w.l(_printf_ls.o)
    0x080002ac   0x00000004   Code   RO          415    .ARM.Collect$$_printf_percent$$00000017  c_w.l(_printf_percent_end.o)
    0x080002b0   0x00000002   Code   RO          576    .ARM.Collect$$libinit$$00000000  c_w.l(libinit.o)
    0x080002b2   0x00000004   Code   RO          431    .ARM.Collect$$libinit$$00000001  c_w.l(libinit2.o)
    0x080002b6   0x00000000   Code   RO          434    .ARM.Collect$$libinit$$00000004  c_w.l(libinit2.o)
    0x080002b6   0x00000008   Code   RO          435    .ARM.Collect$$libinit$$00000005  c_w.l(libinit2.o)
    0x080002be   0x00000000   Code   RO          437    .ARM.Collect$$libinit$$0000000A  c_w.l(libinit2.o)
    0x080002be   0x00000000   Code   RO          439    .ARM.Collect$$libinit$$0000000C  c_w.l(libinit2.o)
    0x080002be   0x00000000   Code   RO          441    .ARM.Collect$$libinit$$0000000E  c_w.l(libinit2.o)
    0x080002be   0x00000006   Code   RO          442    .ARM.Collect$$libinit$$0000000F  c_w.l(libinit2.o)
    0x080002c4   0x00000000   Code   RO          444    .ARM.Collect$$libinit$$00000011  c_w.l(libinit2.o)
    0x080002c4   0x0000000c   Code   RO          445    .ARM.Collect$$libinit$$00000012  c_w.l(libinit2.o)
    0x080002d0   0x00000000   Code   RO          446    .ARM.Collect$$libinit$$00000013  c_w.l(libinit2.o)
    0x080002d0   0x0000000a   Code   RO          447    .ARM.Collect$$libinit$$00000014  c_w.l(libinit2.o)
    0x080002da   0x00000000   Code   RO          448    .ARM.Collect$$libinit$$00000015  c_w.l(libinit2.o)
    0x080002da   0x0000000a   Code   RO          449    .ARM.Collect$$libinit$$00000016  c_w.l(libinit2.o)
    0x080002e4   0x00000000   Code   RO          450    .ARM.Collect$$libinit$$00000017  c_w.l(libinit2.o)
    0x080002e4   0x00000000   Code   RO          452    .ARM.Collect$$libinit$$00000019  c_w.l(libinit2.o)
    0x080002e4   0x00000000   Code   RO          454    .ARM.Collect$$libinit$$0000001B  c_w.l(libinit2.o)
    0x080002e4   0x00000000   Code   RO          456    .ARM.Collect$$libinit$$0000001D  c_w.l(libinit2.o)
    0x080002e4   0x00000000   Code   RO          458    .ARM.Collect$$libinit$$0000001F  c_w.l(libinit2.o)
    0x080002e4   0x00000000   Code   RO          460    .ARM.Collect$$libinit$$00000021  c_w.l(libinit2.o)
    0x080002e4   0x00000000   Code   RO          462    .ARM.Collect$$libinit$$00000023  c_w.l(libinit2.o)
    0x080002e4   0x00000000   Code   RO          464    .ARM.Collect$$libinit$$00000025  c_w.l(libinit2.o)
    0x080002e4   0x00000000   Code   RO          468    .ARM.Collect$$libinit$$0000002C  c_w.l(libinit2.o)
    0x080002e4   0x00000000   Code   RO          470    .ARM.Collect$$libinit$$0000002E  c_w.l(libinit2.o)
    0x080002e4   0x00000000   Code   RO          472    .ARM.Collect$$libinit$$00000030  c_w.l(libinit2.o)
    0x080002e4   0x00000000   Code   RO          474    .ARM.Collect$$libinit$$00000032  c_w.l(libinit2.o)
    0x080002e4   0x00000002   Code   RO          475    .ARM.Collect$$libinit$$00000033  c_w.l(libinit2.o)
    0x080002e6   0x00000002   Code   RO          640    .ARM.Collect$$libshutdown$$00000000  c_w.l(libshutdown.o)
    0x080002e8   0x00000000   Code   RO          590    .ARM.Collect$$libshutdown$$00000002  c_w.l(libshutdown2.o)
    0x080002e8   0x00000000   Code   RO          592    .ARM.Collect$$libshutdown$$00000004  c_w.l(libshutdown2.o)
    0x080002e8   0x00000000   Code   RO          595    .ARM.Collect$$libshutdown$$00000007  c_w.l(libshutdown2.o)
    0x080002e8   0x00000000   Code   RO          598    .ARM.Collect$$libshutdown$$0000000A  c_w.l(libshutdown2.o)
    0x080002e8   0x00000000   Code   RO          600    .ARM.Collect$$libshutdown$$0000000C  c_w.l(libshutdown2.o)
    0x080002e8   0x00000000   Code   RO          603    .ARM.Collect$$libshutdown$$0000000F  c_w.l(libshutdown2.o)
    0x080002e8   0x00000002   Code   RO          604    .ARM.Collect$$libshutdown$$00000010  c_w.l(libshutdown2.o)
    0x080002ea   0x00000000   Code   RO          377    .ARM.Collect$$rtentry$$00000000  c_w.l(__rtentry.o)
    0x080002ea   0x00000000   Code   RO          488    .ARM.Collect$$rtentry$$00000002  c_w.l(__rtentry2.o)
    0x080002ea   0x00000006   Code   RO          500    .ARM.Collect$$rtentry$$00000004  c_w.l(__rtentry4.o)
    0x080002f0   0x00000000   Code   RO          490    .ARM.Collect$$rtentry$$00000009  c_w.l(__rtentry2.o)
    0x080002f0   0x00000004   Code   RO          491    .ARM.Collect$$rtentry$$0000000A  c_w.l(__rtentry2.o)
    0x080002f4   0x00000000   Code   RO          493    .ARM.Collect$$rtentry$$0000000C  c_w.l(__rtentry2.o)
    0x080002f4   0x00000008   Code   RO          494    .ARM.Collect$$rtentry$$0000000D  c_w.l(__rtentry2.o)
    0x080002fc   0x00000002   Code   RO          581    .ARM.Collect$$rtexit$$00000000  c_w.l(rtexit.o)
    0x080002fe   0x00000000   Code   RO          615    .ARM.Collect$$rtexit$$00000002  c_w.l(rtexit2.o)
    0x080002fe   0x00000004   Code   RO          616    .ARM.Collect$$rtexit$$00000003  c_w.l(rtexit2.o)
    0x08000302   0x00000006   Code   RO          617    .ARM.Collect$$rtexit$$00000004  c_w.l(rtexit2.o)
    0x08000308   0x00000000   Code   RO          509    .emb_text           c_w.l(maybetermalloc1.o)
    0x08000308   0x00000044   Code   RO            4    .text               startup_stm32f429xx.o
    0x0800034c   0x00000002   Code   RO          261    .text               c_w.l(use_no_semi_2.o)
    0x0800034e   0x0000005e   Code   RO          265    .text               c_w.l(h1_alloc.o)
    0x080003ac   0x0000004e   Code   RO          266    .text               c_w.l(h1_free.o)
    0x080003fa   0x000000b8   Code   RO          267    .text               c_w.l(h1_realloc.o)
    0x080004b2   0x00000002   PAD
    0x080004b4   0x0000000c   Code   RO          298    .text               c_w.l(vprintf.o)
    0x080004c0   0x00000024   Code   RO          299    .text               c_w.l(vsprintf.o)
    0x080004e4   0x00000034   Code   RO          300    .text               c_w.l(vsnprintf.o)
    0x08000518   0x00000018   Code   RO          301    .text               c_w.l(__2printf.o)
    0x08000530   0x0000002c   Code   RO          302    .text               c_w.l(__2sprintf.o)
    0x0800055c   0x0000004e   Code   RO          306    .text               c_w.l(_printf_pad.o)
    0x080005aa   0x00000052   Code   RO          307    .text               c_w.l(_printf_str.o)
    0x080005fc   0x00000078   Code   RO          308    .text               c_w.l(_printf_dec.o)
    0x08000674   0x00000094   Code   RO          321    .text               c_w.l(_printf_hex_int_ll_ptr.o)
    0x08000708   0x00000188   Code   RO          334    .text               c_w.l(__printf_flags_ss_wp.o)
    0x08000890   0x0000003c   Code   RO          342    .text               c_w.l(__0sscanf.o)
    0x080008cc   0x00000010   Code   RO          343    .text               c_w.l(localeconv.o)
    0x080008dc   0x00000024   Code   RO          345    .text               c_w.l(strstr.o)
    0x08000900   0x00000048   Code   RO          346    .text               c_w.l(strcpy.o)
    0x08000948   0x0000003e   Code   RO          347    .text               c_w.l(strlen.o)
    0x08000986   0x0000008a   Code   RO          349    .text               c_w.l(rt_memcpy_v6.o)
    0x08000a10   0x00000064   Code   RO          350    .text               c_w.l(rt_memcpy_w.o)
    0x08000a74   0x00000044   Code   RO          351    .text               c_w.l(rt_memclr.o)
    0x08000ab8   0x0000004e   Code   RO          352    .text               c_w.l(rt_memclr_w.o)
    0x08000b06   0x00000002   PAD
    0x08000b08   0x00000080   Code   RO          353    .text               c_w.l(strcmpv7m.o)
    0x08000b88   0x00000006   Code   RO          354    .text               c_w.l(heapauxi.o)
    0x08000b8e   0x00000002   Code   RO          375    .text               c_w.l(use_no_semi.o)
    0x08000b90   0x00000010   Code   RO          378    .text               c_w.l(rt_ctype_table.o)
    0x08000ba0   0x00000008   Code   RO          381    .text               c_w.l(rt_heap_descriptor_intlibspace.o)
    0x08000ba8   0x00000004   Code   RO          382    .text               c_w.l(hguard.o)
    0x08000bac   0x0000008a   Code   RO          383    .text               c_w.l(init_alloc.o)
    0x08000c36   0x0000000e   Code   RO          385    .text               c_w.l(h1_init.o)
    0x08000c44   0x00000024   Code   RO          392    .text               c_w.l(_printf_truncate.o)
    0x08000c68   0x000000b2   Code   RO          393    .text               c_w.l(_printf_intcommon.o)
    0x08000d1a   0x00000028   Code   RO          394    .text               c_w.l(_printf_charcount.o)
    0x08000d42   0x0000041a   Code   RO          395    .text               c_w.l(_printf_fp_dec.o)
    0x0800115c   0x00000030   Code   RO          396    .text               c_w.l(_printf_char_common.o)
    0x0800118c   0x0000000a   Code   RO          397    .text               c_w.l(_sputc.o)
    0x08001196   0x00000010   Code   RO          398    .text               c_w.l(_snputc.o)
    0x080011a6   0x0000002c   Code   RO          399    .text               c_w.l(_printf_char.o)
    0x080011d2   0x00000002   PAD
    0x080011d4   0x00000024   Code   RO          400    .text               c_w.l(_printf_char_file.o)
    0x080011f8   0x000000bc   Code   RO          401    .text               c_w.l(_printf_wctomb.o)
    0x080012b4   0x0000007c   Code   RO          403    .text               c_w.l(_printf_longlong_dec.o)
    0x08001330   0x00000070   Code   RO          406    .text               c_w.l(_printf_oct_int_ll.o)
    0x080013a0   0x000004a4   Code   RO          425    .text               c_w.l(scanf_fp.o)
    0x08001844   0x0000002c   Code   RO          426    .text               c_w.l(scanf_char.o)
    0x08001870   0x00000040   Code   RO          427    .text               c_w.l(_sgetc.o)
    0x080018b0   0x00000072   Code   RO          429    .text               c_w.l(_lconv.o)
    0x08001922   0x00000002   PAD
    0x08001924   0x00000008   Code   RO          485    .text               c_w.l(libspace.o)
    0x0800192c   0x00000008   Code   RO          504    .text               c_w.l(rt_locale_intlibspace.o)
    0x08001934   0x00000008   Code   RO          507    .text               c_w.l(rt_errno_addr_intlibspace.o)
    0x0800193c   0x00000034   Code   RO          511    .text               c_w.l(h1_extend.o)
    0x08001970   0x0000008a   Code   RO          513    .text               c_w.l(lludiv10.o)
    0x080019fa   0x00000012   Code   RO          514    .text               c_w.l(isspace.o)
    0x08001a0c   0x000002fc   Code   RO          515    .text               c_w.l(_printf_fp_hex.o)
    0x08001d08   0x00000080   Code   RO          517    .text               c_w.l(_printf_fp_infnan.o)
    0x08001d88   0x0000002c   Code   RO          519    .text               c_w.l(_printf_wchar.o)
    0x08001db4   0x00000374   Code   RO          520    .text               c_w.l(_scanf.o)
    0x08002128   0x000000dc   Code   RO          521    .text               c_w.l(bigflt0.o)
    0x08002204   0x00000008   Code   RO          534    .text               c_w.l(ferror.o)
    0x0800220c   0x00000040   Code   RO          536    .text               c_w.l(_wcrtomb.o)
    0x0800224c   0x0000000e   Code   RO          543    .text               c_w.l(defsig_rtmem_outer.o)
    0x0800225a   0x0000004a   Code   RO          562    .text               c_w.l(sys_stackheap_outer.o)
    0x080022a4   0x00000016   Code   RO          565    .text               c_w.l(_rserrno.o)
    0x080022ba   0x00000002   PAD
    0x080022bc   0x00000320   Code   RO          566    .text               c_w.l(scanf_hexfp.o)
    0x080025dc   0x00000134   Code   RO          567    .text               c_w.l(scanf_infnan.o)
    0x08002710   0x00000012   Code   RO          568    .text               c_w.l(exit.o)
    0x08002722   0x0000000a   Code   RO          569    .text               c_w.l(defsig_exit.o)
    0x0800272c   0x00000050   Code   RO          570    .text               c_w.l(defsig_rtmem_inner.o)
    0x0800277c   0x00000026   Code   RO          585    .text               c_w.l(llshl.o)
    0x080027a2   0x0000001c   Code   RO          586    .text               c_w.l(_chval.o)
    0x080027be   0x00000032   Code   RO          588    .text               c_w.l(defsig_general.o)
    0x080027f0   0x0000003e   Code   RO          523    CL$$btod_d2e        c_w.l(btod.o)
    0x0800282e   0x00000046   Code   RO          525    CL$$btod_d2e_denorm_low  c_w.l(btod.o)
    0x08002874   0x00000060   Code   RO          524    CL$$btod_d2e_norm_op1  c_w.l(btod.o)
    0x080028d4   0x00000338   Code   RO          533    CL$$btod_div_common  c_w.l(btod.o)
    0x08002c0c   0x00000054   Code   RO          531    CL$$btod_e2d        c_w.l(btod.o)
    0x08002c60   0x000000c6   Code   RO          530    CL$$btod_e2e        c_w.l(btod.o)
    0x08002d26   0x00000028   Code   RO          527    CL$$btod_ediv       c_w.l(btod.o)
    0x08002d4e   0x00000028   Code   RO          529    CL$$btod_edivd      c_w.l(btod.o)
    0x08002d76   0x00000028   Code   RO          526    CL$$btod_emul       c_w.l(btod.o)
    0x08002d9e   0x00000028   Code   RO          528    CL$$btod_emuld      c_w.l(btod.o)
    0x08002dc6   0x00000244   Code   RO          532    CL$$btod_mult_common  c_w.l(btod.o)
    0x0800300a   0x0000008a   Code   RO           47    i.AtoI              wayz.o
    0x08003094   0x00000040   Code   RO           24    i.GPIO_AF_Set       sys.o
    0x080030d4   0x0000010c   Code   RO           25    i.GPIO_Set          sys.o
    0x080031e0   0x00000026   Code   RO           48    i.HAL_Snprintf      wayz.o
    0x08003206   0x00000002   PAD
    0x08003208   0x00000048   Code   RO          175    i.LCD_Clear         lcd.o
    0x08003250   0x00000180   Code   RO          179    i.LCD_Display_Dir   lcd.o
    0x080033d0   0x000000b0   Code   RO          180    i.LCD_DrawLine      lcd.o
    0x08003480   0x0000003c   Code   RO          181    i.LCD_DrawPoint     lcd.o
    0x080034bc   0x00000124   Code   RO          184    i.LCD_Fast_DrawPoint  lcd.o
    0x080035e0   0x00002590   Code   RO          186    i.LCD_Init          lcd.o
    0x08005b70   0x00000016   Code   RO          187    i.LCD_Pow           lcd.o
    0x08005b86   0x00000002   PAD
    0x08005b88   0x00000014   Code   RO          188    i.LCD_RD_DATA       lcd.o
    0x08005b9c   0x00000060   Code   RO          191    i.LCD_SSD_BackLightSet  lcd.o
    0x08005bfc   0x00000274   Code   RO          192    i.LCD_Scan_Dir      lcd.o
    0x08005e70   0x00000138   Code   RO          193    i.LCD_SetCursor     lcd.o
    0x08005fa8   0x0000013c   Code   RO          195    i.LCD_ShowChar      lcd.o
    0x080060e4   0x00000094   Code   RO          196    i.LCD_ShowNum       lcd.o
    0x08006178   0x00000066   Code   RO          197    i.LCD_ShowString    lcd.o
    0x080061de   0x00000002   PAD
    0x080061e0   0x00000018   Code   RO          199    i.LCD_WR_DATA       lcd.o
    0x080061f8   0x00000018   Code   RO          200    i.LCD_WR_REG        lcd.o
    0x08006210   0x00000014   Code   RO          202    i.LCD_WriteRAM_Prepare  lcd.o
    0x08006224   0x00000010   Code   RO          203    i.LCD_WriteReg      lcd.o
    0x08006234   0x00000024   Code   RO          211    i.LTDC_Clear        ltdc.o
    0x08006258   0x00000098   Code   RO          212    i.LTDC_Clk_Set      ltdc.o
    0x080062f0   0x0000002c   Code   RO          214    i.LTDC_Display_Dir  ltdc.o
    0x0800631c   0x00000060   Code   RO          215    i.LTDC_Draw_Point   ltdc.o
    0x0800637c   0x00000148   Code   RO          216    i.LTDC_Fill         ltdc.o
    0x080064c4   0x0000038c   Code   RO          217    i.LTDC_Init         ltdc.o
    0x08006850   0x00000088   Code   RO          218    i.LTDC_Layer_Parameter_Config  ltdc.o
    0x080068d8   0x00000060   Code   RO          219    i.LTDC_Layer_Switch  ltdc.o
    0x08006938   0x00000138   Code   RO          220    i.LTDC_Layer_Window_Config  ltdc.o
    0x08006a70   0x000000a0   Code   RO          221    i.LTDC_PanelID_Read  ltdc.o
    0x08006b10   0x0000000c   Code   RO          223    i.LTDC_Select_Layer  ltdc.o
    0x08006b1c   0x00000028   Code   RO          224    i.LTDC_Switch       ltdc.o
    0x08006b44   0x00000078   Code   RO           28    i.MY_NVIC_Init      sys.o
    0x08006bbc   0x00000028   Code   RO           29    i.MY_NVIC_PriorityGroupConfig  sys.o
    0x08006be4   0x00000010   Code   RO           30    i.MY_NVIC_SetVectorTable  sys.o
    0x08006bf4   0x000002cc   Code   RO          257    i.SDRAM_Init        sdram.o
    0x08006ec0   0x00000048   Code   RO          258    i.SDRAM_Send_Cmd    sdram.o
    0x08006f08   0x00000068   Code   RO           31    i.Stm32_Clock_Init  sys.o
    0x08006f70   0x0000010c   Code   RO           32    i.Sys_Clock_Set     sys.o
    0x0800707c   0x00000030   Code   RO          243    i.TIM3_IRQHandler   timer.o
    0x080070ac   0x000000e8   Code   RO          247    i.TIM5_IRQHandler   timer.o
    0x08007194   0x0000003c   Code   RO          248    i.TIM7_IRQHandler   timer.o
    0x080071d0   0x00000058   Code   RO          249    i.TIM7_Int_Init     timer.o
    0x08007228   0x00000088   Code   RO           12    i.USART1_IRQHandler  usart.o
    0x080072b0   0x00000070   Code   RO          235    i.USART3_IRQHandler  usart3.o
    0x08007320   0x00000030   Code   RO          556    i.__ARM_fpclassify  m_wm.l(fpclassify.o)
    0x08007350   0x000000d0   Code   RO          606    i.__hardfp_ldexp    m_wm.l(ldexp.o)
    0x08007420   0x00000020   Code   RO          627    i.__mathlib_dbl_overflow  m_wm.l(dunder.o)
    0x08007440   0x00000020   Code   RO          629    i.__mathlib_dbl_underflow  m_wm.l(dunder.o)
    0x08007460   0x000000b8   Code   RO          558    i.__mathlib_narrow  m_wm.l(narrow.o)
    0x08007518   0x00000014   Code   RO          608    i.__support_ldexp   m_wm.l(ldexp.o)
    0x0800752c   0x0000000e   Code   RO          330    i._is_digit         c_w.l(__printf_wp.o)
    0x0800753a   0x00000004   Code   RO           13    i._sys_exit         usart.o
    0x0800753e   0x00000004   Code   RO           14    i._ttywrch          usart.o
    0x08007542   0x00000002   PAD
    0x08007544   0x000000d8   Code   RO           49    i.asset2Json        wayz.o
    0x0800761c   0x000000c4   Code   RO           50    i.atk_8266_bridge   wayz.o
    0x080076e0   0x00000074   Code   RO           51    i.atk_8266_check_cmd  wayz.o
    0x08007754   0x00000070   Code   RO           52    i.atk_8266_quit_trans  wayz.o
    0x080077c4   0x00000144   Code   RO           53    i.atk_8266_send_cmd  wayz.o
    0x08007908   0x0000002c   Code   RO           84    i.cJSON_AddItemToArray  cjson.o
    0x08007934   0x00000030   Code   RO           85    i.cJSON_AddItemToObject  cjson.o
    0x08007964   0x0000003c   Code   RO           86    i.cJSON_AddItemToObjectCS  cjson.o
    0x080079a0   0x00000018   Code   RO           88    i.cJSON_CreateArray  cjson.o
    0x080079b8   0x00000020   Code   RO           89    i.cJSON_CreateBool  cjson.o
    0x080079d8   0x0000007c   Code   RO           95    i.cJSON_CreateNumber  cjson.o
    0x08007a54   0x00000018   Code   RO           96    i.cJSON_CreateObject  cjson.o
    0x08007a6c   0x00000034   Code   RO           98    i.cJSON_CreateString  cjson.o
    0x08007aa0   0x00000058   Code   RO          101    i.cJSON_Delete      cjson.o
    0x08007af8   0x0000001c   Code   RO          129    i.cJSON_New_Item    cjson.o
    0x08007b14   0x00000014   Code   RO          132    i.cJSON_Print       cjson.o
    0x08007b28   0x00000014   Code   RO          135    i.cJSON_PrintUnformatted  cjson.o
    0x08007b3c   0x00000038   Code   RO          144    i.cJSON_strdup      cjson.o
    0x08007b74   0x000001e0   Code   RO           55    i.connectWifi       wayz.o
    0x08007d54   0x00000038   Code   RO           39    i.delay_init        delay.o
    0x08007d8c   0x00000038   Code   RO           40    i.delay_ms          delay.o
    0x08007dc4   0x0000003c   Code   RO           41    i.delay_us          delay.o
    0x08007e00   0x0000003c   Code   RO           42    i.delay_xms         delay.o
    0x08007e3c   0x000000ac   Code   RO          147    i.ensure            cjson.o
    0x08007ee8   0x0000001c   Code   RO           15    i.fputc             usart.o
    0x08007f04   0x00000004   PAD
    0x08007f08   0x0000008c   Code   RO          580    i.frexp             m_wm.l(frexp.o)
    0x08007f94   0x00000008   Code   RO           56    i.getDEVID          wayz.o
    0x08007f9c   0x00000278   Code   RO           57    i.getInfoFromRaw    wayz.o
    0x08008214   0x00000080   Code   RO           58    i.getMAC            wayz.o
    0x08008294   0x00000008   Code   RO           59    i.getMODEL          wayz.o
    0x0800829c   0x00000008   Code   RO           60    i.getSOFTV          wayz.o
    0x080082a4   0x00000008   Code   RO           61    i.getUUID           wayz.o
    0x080082ac   0x00000018   Code   RO           62    i.getWifiCount      wayz.o
    0x080082c4   0x0000000e   Code   RO          149    i.get_decimal_point  cjson.o
    0x080082d2   0x00000002   PAD
    0x080082d4   0x000001ec   Code   RO           63    i.gnss2Json         wayz.o
    0x080084c0   0x00000078   Code   RO           64    i.initESP8266       wayz.o
    0x08008538   0x000000a0   Code   RO           65    i.location2Json     wayz.o
    0x080085d8   0x00000030   Code   RO           78    i.logd              zlog.o
    0x08008608   0x00000030   Code   RO           79    i.loge              zlog.o
    0x08008638   0x00000030   Code   RO           80    i.logi              zlog.o
    0x08008668   0x00000014   Code   RO          151    i.mMemset           cjson.o
    0x0800867c   0x00000164   Code   RO            8    i.main              main.o
    0x080087e0   0x00000048   Code   RO           66    i.os2Json           wayz.o
    0x08008828   0x000000a6   Code   RO          158    i.print             cjson.o
    0x080088ce   0x00000002   PAD
    0x080088d0   0x00000150   Code   RO           69    i.printOutInfo      wayz.o
    0x08008a20   0x000000b2   Code   RO          159    i.print_array       cjson.o
    0x08008ad2   0x00000002   PAD
    0x08008ad4   0x0000010c   Code   RO          160    i.print_number      cjson.o
    0x08008be0   0x00000174   Code   RO          161    i.print_object      cjson.o
    0x08008d54   0x00000010   Code   RO          162    i.print_string      cjson.o
    0x08008d64   0x00000174   Code   RO          163    i.print_string_ptr  cjson.o
    0x08008ed8   0x00000110   Code   RO          164    i.print_value       cjson.o
    0x08008fe8   0x00000030   Code   RO           70    i.strCount          wayz.o
    0x08009018   0x00000006   Code   RO          166    i.suffix_object     cjson.o
    0x0800901e   0x00000002   PAD
    0x08009020   0x0000011c   Code   RO           71    i.track2CJson       wayz.o
    0x0800913c   0x00000060   Code   RO           72    i.track2JsonString  wayz.o
    0x0800919c   0x00000050   Code   RO          236    i.u3_printf         usart3.o
    0x080091ec   0x00000100   Code   RO           16    i.uart_init         usart.o
    0x080092ec   0x00000024   Code   RO          167    i.update_offset     cjson.o
    0x08009310   0x00000120   Code   RO          237    i.usart3_init       usart3.o
    0x08009430   0x00000214   Code   RO           73    i.wifi2Json         wayz.o
    0x08009644   0x0000065c   Code   RO           74    i.wifiscan          wayz.o
    0x08009ca0   0x0000002c   Code   RO          538    locale$$code        c_w.l(lc_ctype_c.o)
    0x08009ccc   0x0000002c   Code   RO          540    locale$$code        c_w.l(lc_monetary_c.o)
    0x08009cf8   0x0000002c   Code   RO          542    locale$$code        c_w.l(lc_numeric_c.o)
    0x08009d24   0x00000062   Code   RO          577    x$fpl$d2f           fz_wm.l(d2f.o)
    0x08009d86   0x00000002   PAD
    0x08009d88   0x00000010   Code   RO          644    x$fpl$dcheck1       fz_wm.l(dcheck1.o)
    0x08009d98   0x00000018   Code   RO          476    x$fpl$dcmpinf       fz_wm.l(dcmpi.o)
    0x08009db0   0x00000078   Code   RO          356    x$fpl$deqf          fz_wm.l(deqf.o)
    0x08009e28   0x0000005e   Code   RO          357    x$fpl$dfix          fz_wm.l(dfix.o)
    0x08009e86   0x00000002   PAD
    0x08009e88   0x0000005a   Code   RO          359    x$fpl$dfixu         fz_wm.l(dfixu.o)
    0x08009ee2   0x0000002e   Code   RO          362    x$fpl$dflt          fz_wm.l(dflt_clz.o)
    0x08009f10   0x000000a2   Code   RO          364    x$fpl$dfltll        fz_wm.l(dfltll_clz.o)
    0x08009fb2   0x00000026   Code   RO          361    x$fpl$dfltu         fz_wm.l(dflt_clz.o)
    0x08009fd8   0x00000078   Code   RO          366    x$fpl$dleqf         fz_wm.l(dleqf.o)
    0x0800a050   0x00000154   Code   RO          367    x$fpl$dmul          fz_wm.l(dmul.o)
    0x0800a1a4   0x0000009c   Code   RO          477    x$fpl$dnaninf       fz_wm.l(dnaninf.o)
    0x0800a240   0x0000000c   Code   RO          478    x$fpl$dretinf       fz_wm.l(dretinf.o)
    0x0800a24c   0x0000006c   Code   RO          368    x$fpl$drleqf        fz_wm.l(drleqf.o)
    0x0800a2b8   0x00000056   Code   RO          369    x$fpl$f2d           fz_wm.l(f2d.o)
    0x0800a30e   0x0000008c   Code   RO          479    x$fpl$fnaninf       fz_wm.l(fnaninf.o)
    0x0800a39a   0x0000000a   Code   RO          551    x$fpl$fpinit        fz_wm.l(fpinit.o)
    0x0800a3a4   0x0000000a   Code   RO          605    x$fpl$fretinf       fz_wm.l(fretinf.o)
    0x0800a3ae   0x00000004   Code   RO          370    x$fpl$printf1       fz_wm.l(printf1.o)
    0x0800a3b2   0x00000004   Code   RO          480    x$fpl$printf2       fz_wm.l(printf2.o)
    0x0800a3b6   0x00000064   Code   RO          647    x$fpl$retnan        fz_wm.l(retnan.o)
    0x0800a41a   0x0000005c   Code   RO          622    x$fpl$scalbn        fz_wm.l(scalbn.o)
    0x0800a476   0x00000004   Code   RO          371    x$fpl$scanf1        fz_wm.l(scanf1.o)
    0x0800a47a   0x00000008   Code   RO          553    x$fpl$scanf2        fz_wm.l(scanf2.o)
    0x0800a482   0x00000030   Code   RO          648    x$fpl$trapveneer    fz_wm.l(trapv.o)
    0x0800a4b2   0x00000000   Code   RO          483    x$fpl$usenofp       fz_wm.l(usenofp.o)
    0x0800a4b2   0x00004740   Data   RO          206    .constdata          lcd.o
    0x0800ebf2   0x00000028   Data   RO          322    .constdata          c_w.l(_printf_hex_int_ll_ptr.o)
    0x0800ec1a   0x00000011   Data   RO          335    .constdata          c_w.l(__printf_flags_ss_wp.o)
    0x0800ec2b   0x00000001   PAD
    0x0800ec2c   0x00000008   Data   RO          402    .constdata          c_w.l(_printf_wctomb.o)
    0x0800ec34   0x00000026   Data   RO          516    .constdata          c_w.l(_printf_fp_hex.o)
    0x0800ec5a   0x00000002   PAD
    0x0800ec5c   0x00000094   Data   RO          522    .constdata          c_w.l(bigflt0.o)
    0x0800ecf0   0x000000db   Data   RO           76    .conststring        wayz.o
    0x0800edcb   0x00000001   PAD
    0x0800edcc   0x00000020   Data   RO          649    Region$$Table       anon$$obj.o
    0x0800edec   0x00000008   Data   RO          548    c$$dinf             fz_wm.l(fpconst.o)
    0x0800edf4   0x00000110   Data   RO          537    locale$$data        c_w.l(lc_ctype_c.o)
    0x0800ef04   0x00000038   Data   RO          539    locale$$data        c_w.l(lc_monetary_c.o)
    0x0800ef3c   0x0000001c   Data   RO          541    locale$$data        c_w.l(lc_numeric_c.o)


    Execution Region RW_IRAM1 (Base: 0x20000000, Size: 0x0000c798, Max: 0x00030000, ABSOLUTE)

    Base Addr    Size         Type   Attr      Idx    E Section Name        Object

    0x20000000   0x00000006   Data   RW           18    .data               usart.o
    0x20000006   0x00000004   Data   RW           43    .data               delay.o
    0x2000000a   0x00000002   PAD
    0x2000000c   0x00000042   Data   RW           77    .data               wayz.o
    0x2000004e   0x00000002   PAD
    0x20000050   0x00000014   Data   RW          170    .data               cjson.o
    0x20000064   0x00000008   Data   RW          207    .data               lcd.o
    0x2000006c   0x00000008   Data   RW          227    .data               ltdc.o
    0x20000074   0x00000002   Data   RW          239    .data               usart3.o
    0x20000076   0x00000002   PAD
    0x20000078   0x00000008   Data   RW          251    .data               timer.o
    0x20000080   0x00001388   Zero   RW           17    .bss                usart.o
    0x20001408   0x00001b62   Zero   RW           75    .bss                wayz.o
    0x20002f6a   0x0000000e   Zero   RW          205    .bss                lcd.o
    0x20002f78   0x00000020   Zero   RW          226    .bss                ltdc.o
    0x20002f98   0x00001770   Zero   RW          238    .bss                usart3.o
    0x20004708   0x00000030   Zero   RW          344    .bss                c_w.l(localeconv.o)
    0x20004738   0x00000060   Zero   RW          486    .bss                c_w.l(libspace.o)
    0x20004798   0x00000000   Zero   RW            2    HEAP                startup_stm32f429xx.o
    0x20004798   0x00008000   Zero   RW            1    STACK               startup_stm32f429xx.o



  Load Region LR$$.ARM.__AT_0xC0000000 (Base: 0xc0000000, Size: 0x00000000, Max: 0x001f4000, ABSOLUTE)

    Execution Region ER$$.ARM.__AT_0xC0000000 (Base: 0xc0000000, Size: 0x001f4000, Max: 0x001f4000, ABSOLUTE, UNINIT)

    Base Addr    Size         Type   Attr      Idx    E Section Name        Object

    0xc0000000   0x001f4000   Zero   RW          225    .ARM.__AT_0xC0000000  ltdc.o


==============================================================================

Image component sizes


      Code (inc. data)   RO Data    RW Data    ZI Data      Debug   Object Name

      2512        138          0         20          0          0   cjson.o
       232         18          0          4          0          0   delay.o
     12328        206      18240          8         14          0   lcd.o
      2320        140          0          8    2048032          0   ltdc.o
       356        146          0          0          0          0   main.o
       788         34          0          0          0          0   sdram.o
        68         24        428          0      32768          0   startup_stm32f429xx.o
       880         50          0          0          0          0   sys.o
       428         36          0          8          0          0   timer.o
       428         36          0          6       5000          0   usart.o
       480         50          0          2       6000          0   usart3.o
      6204       2038        219         66       7010          0   wayz.o
       144         30          0          0          0          0   zlog.o

    ----------------------------------------------------------------------
     27188       2950      18920        128    2098824          0   Object Totals
         0          0         32          0          0          0   (incl. Generated)
        20          4          1          6          0          0   (incl. Padding)

    ----------------------------------------------------------------------

      Code (inc. data)   RO Data    RW Data    ZI Data      Debug   Library Member Name

        60          8          0          0          0          0   __0sscanf.o
        24          4          0          0          0          0   __2printf.o
        44          6          0          0          0          0   __2sprintf.o
         8          0          0          0          0          0   __main.o
       392          4         17          0          0          0   __printf_flags_ss_wp.o
        14          0          0          0          0          0   __printf_wp.o
         0          0          0          0          0          0   __rtentry.o
        12          0          0          0          0          0   __rtentry2.o
         6          0          0          0          0          0   __rtentry4.o
        52          8          0          0          0          0   __scatter.o
        26          0          0          0          0          0   __scatter_copy.o
        28          0          0          0          0          0   __scatter_zi.o
        28          0          0          0          0          0   _chval.o
       114          0          0          0          0          0   _lconv.o
         6          0          0          0          0          0   _printf_a.o
         6          0          0          0          0          0   _printf_c.o
        44          0          0          0          0          0   _printf_char.o
        48          6          0          0          0          0   _printf_char_common.o
        36          4          0          0          0          0   _printf_char_file.o
        40          0          0          0          0          0   _printf_charcount.o
         6          0          0          0          0          0   _printf_d.o
       120         16          0          0          0          0   _printf_dec.o
         6          0          0          0          0          0   _printf_e.o
         6          0          0          0          0          0   _printf_f.o
      1050          0          0          0          0          0   _printf_fp_dec.o
       764          8         38          0          0          0   _printf_fp_hex.o
       128         16          0          0          0          0   _printf_fp_infnan.o
         6          0          0          0          0          0   _printf_g.o
       148          4         40          0          0          0   _printf_hex_int_ll_ptr.o
         6          0          0          0          0          0   _printf_i.o
       178          0          0          0          0          0   _printf_intcommon.o
        10          0          0          0          0          0   _printf_l.o
         6          0          0          0          0          0   _printf_lc.o
        10          0          0          0          0          0   _printf_ll.o
         6          0          0          0          0          0   _printf_lld.o
         6          0          0          0          0          0   _printf_lli.o
         6          0          0          0          0          0   _printf_llo.o
         6          0          0          0          0          0   _printf_llu.o
         6          0          0          0          0          0   _printf_llx.o
       124         16          0          0          0          0   _printf_longlong_dec.o
         6          0          0          0          0          0   _printf_ls.o
         6          0          0          0          0          0   _printf_n.o
         6          0          0          0          0          0   _printf_o.o
       112          8          0          0          0          0   _printf_oct_int_ll.o
         6          0          0          0          0          0   _printf_p.o
        78          0          0          0          0          0   _printf_pad.o
         0          0          0          0          0          0   _printf_percent.o
         4          0          0          0          0          0   _printf_percent_end.o
         6          0          0          0          0          0   _printf_s.o
        82          0          0          0          0          0   _printf_str.o
        36          0          0          0          0          0   _printf_truncate.o
         6          0          0          0          0          0   _printf_u.o
        44          0          0          0          0          0   _printf_wchar.o
       188          6          8          0          0          0   _printf_wctomb.o
         6          0          0          0          0          0   _printf_x.o
        22          0          0          0          0          0   _rserrno.o
       884          6          0          0          0          0   _scanf.o
        64          0          0          0          0          0   _sgetc.o
        16          0          0          0          0          0   _snputc.o
        10          0          0          0          0          0   _sputc.o
        64          0          0          0          0          0   _wcrtomb.o
       220          4        148          0          0          0   bigflt0.o
      2074        132          0          0          0          0   btod.o
        10          0          0          0          0          0   defsig_exit.o
        50          0          0          0          0          0   defsig_general.o
        80         58          0          0          0          0   defsig_rtmem_inner.o
        14          0          0          0          0          0   defsig_rtmem_outer.o
        18          0          0          0          0          0   exit.o
         8          0          0          0          0          0   ferror.o
        94          0          0          0          0          0   h1_alloc.o
        52          0          0          0          0          0   h1_extend.o
        78          0          0          0          0          0   h1_free.o
        14          0          0          0          0          0   h1_init.o
       184          0          0          0          0          0   h1_realloc.o
         6          0          0          0          0          0   heapauxi.o
         4          0          0          0          0          0   hguard.o
       138          0          0          0          0          0   init_alloc.o
        18          0          0          0          0          0   isspace.o
        44         10        272          0          0          0   lc_ctype_c.o
        44         10         56          0          0          0   lc_monetary_c.o
        44         10         28          0          0          0   lc_numeric_c.o
         2          0          0          0          0          0   libinit.o
        52          0          0          0          0          0   libinit2.o
         2          0          0          0          0          0   libshutdown.o
         2          0          0          0          0          0   libshutdown2.o
         8          4          0          0         96          0   libspace.o
        38          0          0          0          0          0   llshl.o
       138          0          0          0          0          0   lludiv10.o
        16          4          0          0         48          0   localeconv.o
         0          0          0          0          0          0   maybetermalloc1.o
        16          4          0          0          0          0   rt_ctype_table.o
         8          4          0          0          0          0   rt_errno_addr_intlibspace.o
         8          4          0          0          0          0   rt_heap_descriptor_intlibspace.o
         8          4          0          0          0          0   rt_locale_intlibspace.o
        68          0          0          0          0          0   rt_memclr.o
        78          0          0          0          0          0   rt_memclr_w.o
       138          0          0          0          0          0   rt_memcpy_v6.o
       100          0          0          0          0          0   rt_memcpy_w.o
         2          0          0          0          0          0   rtexit.o
        10          0          0          0          0          0   rtexit2.o
        44          8          0          0          0          0   scanf_char.o
      1188         12          0          0          0          0   scanf_fp.o
       800         14          0          0          0          0   scanf_hexfp.o
       308         16          0          0          0          0   scanf_infnan.o
       128          0          0          0          0          0   strcmpv7m.o
        72          0          0          0          0          0   strcpy.o
        62          0          0          0          0          0   strlen.o
        36          0          0          0          0          0   strstr.o
        74          0          0          0          0          0   sys_stackheap_outer.o
         2          0          0          0          0          0   use_no_semi.o
         2          0          0          0          0          0   use_no_semi_2.o
        12          4          0          0          0          0   vprintf.o
        52          4          0          0          0          0   vsnprintf.o
        36          4          0          0          0          0   vsprintf.o
        98          4          0          0          0          0   d2f.o
        16          4          0          0          0          0   dcheck1.o
        24          0          0          0          0          0   dcmpi.o
       120          4          0          0          0          0   deqf.o
        94          4          0          0          0          0   dfix.o
        90          4          0          0          0          0   dfixu.o
        84          0          0          0          0          0   dflt_clz.o
       162          0          0          0          0          0   dfltll_clz.o
       120          4          0          0          0          0   dleqf.o
       340         12          0          0          0          0   dmul.o
       156          4          0          0          0          0   dnaninf.o
        12          0          0          0          0          0   dretinf.o
       108          0          0          0          0          0   drleqf.o
        86          4          0          0          0          0   f2d.o
       140          4          0          0          0          0   fnaninf.o
         0          0          8          0          0          0   fpconst.o
        10          0          0          0          0          0   fpinit.o
        10          0          0          0          0          0   fretinf.o
         4          0          0          0          0          0   printf1.o
         4          0          0          0          0          0   printf2.o
       100          0          0          0          0          0   retnan.o
        92          0          0          0          0          0   scalbn.o
         4          0          0          0          0          0   scanf1.o
         8          0          0          0          0          0   scanf2.o
        48          0          0          0          0          0   trapv.o
         0          0          0          0          0          0   usenofp.o
        64         16          0          0          0          0   dunder.o
        48          0          0          0          0          0   fpclassify.o
       140         22          0          0          0          0   frexp.o
       228          8          0          0          0          0   ldexp.o
       184         18          0          0          0          0   narrow.o

    ----------------------------------------------------------------------
     14546        542        618          0        144          0   Library Totals
        16          0          3          0          0          0   (incl. Padding)

    ----------------------------------------------------------------------

      Code (inc. data)   RO Data    RW Data    ZI Data      Debug   Library Name

     11936        430        607          0        144          0   c_w.l
      1930         48          8          0          0          0   fz_wm.l
       664         64          0          0          0          0   m_wm.l

    ----------------------------------------------------------------------
     14546        542        618          0        144          0   Library Totals

    ----------------------------------------------------------------------

==============================================================================


      Code (inc. data)   RO Data    RW Data    ZI Data      Debug   

     41734       3492      19538        128    2098968          0   Grand Totals
     41734       3492      19538        128    2098968          0   ELF Image Totals
     41734       3492      19538        128          0          0   ROM Totals

==============================================================================

    Total RO  Size (Code + RO Data)                61272 (  59.84kB)
    Total RW  Size (RW Data + ZI Data)           2099096 (2049.90kB)
    Total ROM Size (Code + RO Data + RW Data)      61400 (  59.96kB)

==============================================================================

