<html>
<body>
<pre>
<h1>µVision Build Log</h1>
<h2>Tool Versions:</h2>
IDE-Version: ¦ÌVision V5.21.1.0
Copyright (C) 2016 ARM Ltd and ARM Germany GmbH. All rights reserved.
License Information: 1 Administrator, 1, LIC=X1EVE-5DPT3-JMX98-3VBAU-E6BJK-I6QBE
 
Tool Versions:
Toolchain:       MDK-ARM Professional  Version: 5.21a
Toolchain Path:  D:\Keil_v5\ARM\ARMCC\Bin
C Compiler:      Armcc.exe V5.06 update 3 (build 300)
Assembler:       Armasm.exe V5.06 update 3 (build 300)
Linker/Locator:  ArmLink.exe V5.06 update 3 (build 300)
Library Manager: ArmAr.exe V5.06 update 3 (build 300)
Hex Converter:   FromElf.exe V5.06 update 3 (build 300)
CPU DLL:         SARMCM3.DLL V5.21a
Dialog DLL:      DCM.DLL V1.13.8.0
Target DLL:      STLink\ST-LINKIII-KEIL_SWO.dll V2.0.18.0
Dialog DLL:      TCM.DLL V1.14.14.0
 
<h2>Project:</h2>
D:\zaki\code\stm32\gitwifiscan\USER\firstProject.uvprojx
Project File Date:  09/16/2019

<h2>Output:</h2>
*** Using Compiler 'V5.06 update 3 (build 300)', folder: 'D:\Keil_v5\ARM\ARMCC\Bin'
Rebuild target 'Target 1'
assembling startup_stm32f429xx.s...
compiling zlog.c...
compiling main.c...
compiling delay.c...
compiling usart.c...
compiling sys.c...
..\SYSTEM\sys\sys.c(222): warning:  #177-D: variable "asd" was declared but never referenced
  	int asd[1000];
..\SYSTEM\sys\sys.c: 1 warning, 0 errors
compiling wayz.c...
..\WAYZ\wayz.c(734): warning:  #167-D: argument of type "u8 *" is incompatible with parameter of type "const char *"
  		LCD_ShowString(0, 420, 300, 16, 16, strstr(USART3_RX_BUF,"long"));
..\WAYZ\wayz.c(734): warning:  #167-D: argument of type "char *" is incompatible with parameter of type "u8 *"
  		LCD_ShowString(0, 420, 300, 16, 16, strstr(USART3_RX_BUF,"long"));
..\WAYZ\wayz.c(735): warning:  #167-D: argument of type "u8 *" is incompatible with parameter of type "const char *"
  		LCD_ShowString(0, 440, 300, 16, 16, strstr(USART3_RX_BUF,"lati"));
..\WAYZ\wayz.c(735): warning:  #167-D: argument of type "char *" is incompatible with parameter of type "u8 *"
  		LCD_ShowString(0, 440, 300, 16, 16, strstr(USART3_RX_BUF,"lati"));
..\WAYZ\wayz.c(736): warning:  #167-D: argument of type "u8 *" is incompatible with parameter of type "const char *"
  		LCD_ShowString(0, 460, 300, 16, 16, strstr(USART3_RX_BUF,"alti"));
..\WAYZ\wayz.c(736): warning:  #167-D: argument of type "char *" is incompatible with parameter of type "u8 *"
  		LCD_ShowString(0, 460, 300, 16, 16, strstr(USART3_RX_BUF,"alti"));
..\WAYZ\wayz.c: 6 warnings, 0 errors
compiling cJSON.c...
compiling led.c...
compiling ltdc.c...
compiling usart3.c...
compiling timer.c...
compiling lcd.c...
compiling sdram.c...
linking...
Program Size: Code=41734 RO-data=19538 RW-data=128 ZI-data=2098968  
FromELF: creating hex file...
"..\OBJ\firstProject.axf" - 0 Error(s), 7 Warning(s).

<h2>Collection of Component include folders:</h2>
  D:\zaki\code\stm32\gitwifiscan\USER\RTE
  D:\Keil_v5\ARM\PACK\Keil\STM32F4xx_DFP\2.9.0\Drivers\CMSIS\Device\ST\STM32F4xx\Include

<h2>Collection of Component Files used:</h2>
Build Time Elapsed:  00:00:01
</pre>
</body>
</html>
