Archive member included to satisfy reference by file (symbol)

/home/zaki/share/zaki/software/esp/esp8266_sniffer_zaki/rtos_sniffer/build/bootloader/main/libmain.a(bootloader_start.o)
                              (call_start_cpu)
/home/zaki/share/zaki/software/esp/esp8266_sniffer_zaki/rtos_sniffer/build/bootloader/bootloader_support/libbootloader_support.a(bootloader_init.o)
                              /home/zaki/share/zaki/software/esp/esp8266_sniffer_zaki/rtos_sniffer/build/bootloader/main/libmain.a(bootloader_start.o) (bootloader_init)
/home/zaki/share/zaki/software/esp/esp8266_sniffer_zaki/rtos_sniffer/build/bootloader/bootloader_support/libbootloader_support.a(bootloader_utility.o)
                              /home/zaki/share/zaki/software/esp/esp8266_sniffer_zaki/rtos_sniffer/build/bootloader/main/libmain.a(bootloader_start.o) (bootloader_utility_load_partition_table)
/home/zaki/share/zaki/software/esp/esp8266_sniffer_zaki/rtos_sniffer/build/bootloader/bootloader_support/libbootloader_support.a(bootloader_common.o)
                              /home/zaki/share/zaki/software/esp/esp8266_sniffer_zaki/rtos_sniffer/build/bootloader/bootloader_support/libbootloader_support.a(bootloader_utility.o) (bootloader_common_ota_select_valid)
/home/zaki/share/zaki/software/esp/esp8266_sniffer_zaki/rtos_sniffer/build/bootloader/bootloader_support/libbootloader_support.a(flash_partitions.o)
                              /home/zaki/share/zaki/software/esp/esp8266_sniffer_zaki/rtos_sniffer/build/bootloader/bootloader_support/libbootloader_support.a(bootloader_utility.o) (esp_partition_table_basic_verify)
/home/zaki/share/zaki/software/esp/esp8266_sniffer_zaki/rtos_sniffer/build/bootloader/bootloader_support/libbootloader_support.a(esp_image_format.o)
                              /home/zaki/share/zaki/software/esp/esp8266_sniffer_zaki/rtos_sniffer/build/bootloader/bootloader_support/libbootloader_support.a(bootloader_utility.o) (esp_image_load)
/home/zaki/share/zaki/software/esp/esp8266_sniffer_zaki/rtos_sniffer/build/bootloader/bootloader_support/libbootloader_support.a(bootloader_flash.o)
                              /home/zaki/share/zaki/software/esp/esp8266_sniffer_zaki/rtos_sniffer/build/bootloader/bootloader_support/libbootloader_support.a(bootloader_utility.o) (bootloader_mmap)
/home/zaki/share/zaki/software/esp/esp8266_sniffer_zaki/rtos_sniffer/build/bootloader/spi_flash/libspi_flash.a(spi_flash.o)
                              /home/zaki/share/zaki/software/esp/esp8266_sniffer_zaki/rtos_sniffer/build/bootloader/bootloader_support/libbootloader_support.a(flash_partitions.o) (g_rom_flashchip)
/home/zaki/share/zaki/software/esp/esp8266_sniffer_zaki/rtos_sniffer/build/bootloader/spi_flash/libspi_flash.a(spi_flash_raw.o)
                              /home/zaki/share/zaki/software/esp/esp8266_sniffer_zaki/rtos_sniffer/build/bootloader/spi_flash/libspi_flash.a(spi_flash.o) (spi_flash_get_id_raw)
/home/zaki/share/zaki/software/esp/esp8266_sniffer_zaki/rtos_sniffer/build/bootloader/log/liblog.a(log.o)
                              /home/zaki/share/zaki/software/esp/esp8266_sniffer_zaki/rtos_sniffer/build/bootloader/bootloader_support/libbootloader_support.a(bootloader_common.o) (esp_log_early_timestamp)
/home/zaki/share/zaki/software/esp/esp8266_sniffer_zaki/rtos_sniffer/build/bootloader/esp8266/libesp8266.a(ets_printf.o)
                              /home/zaki/share/zaki/software/esp/esp8266_sniffer_zaki/rtos_sniffer/build/bootloader/log/liblog.a(log.o) (ets_vprintf)
/home/zaki/share/zaki/software/esp/esp8266_sniffer_zaki/rtos_sniffer/build/bootloader/util/libutil.a(crc.o)
                              /home/zaki/share/zaki/software/esp/esp8266_sniffer_zaki/rtos_sniffer/build/bootloader/bootloader_support/libbootloader_support.a(bootloader_common.o) (crc32_le)
/home/zaki/share/zaki/software/esp/rtos_esp8266/3p3/espenv/ESP8266_RTOS_SDK/components/esp8266/lib/libcore.a(phy.o)
                              /home/zaki/share/zaki/software/esp/esp8266_sniffer_zaki/rtos_sniffer/build/bootloader/bootloader_support/libbootloader_support.a(bootloader_init.o) (phy_reg_default)
/home/zaki/share/zaki/software/esp/rtos_esp8266/3p3/espenv/ESP8266_RTOS_SDK/components/esp8266/lib/libcore.a(uart.o)
                              /home/zaki/share/zaki/software/esp/esp8266_sniffer_zaki/rtos_sniffer/build/bootloader/bootloader_support/libbootloader_support.a(bootloader_init.o) (uart_div_modify)

Allocating common symbols
Common symbol       size              file

esp_image_spi_freq_t
                    0x4               /home/zaki/share/zaki/software/esp/esp8266_sniffer_zaki/rtos_sniffer/build/bootloader/main/libmain.a(bootloader_start.o)

Discarded input sections

 .text          0x0000000000000000        0x0 /home/zaki/share/zaki/software/esp/esp8266_sniffer_zaki/rtos_sniffer/build/bootloader/main/libmain.a(bootloader_start.o)
[...]
Memory Configuration

Name             Origin             Length             Attributes
dport0_seg       0x000000003ff00000 0x0000000000000010
dram_seg         0x000000003ffe8000 0x0000000000017c00
iram_seg         0x0000000040100000 0x0000000000008000
*default*        0x0000000000000000 0xffffffffffffffff

Linker script and memory map

START GROUP
LOAD /home/zaki/share/zaki/software/esp/esp8266_sniffer_zaki/rtos_sniffer/build/bootloader/main/libmain.a
LOAD /home/zaki/share/zaki/software/esp/rtos_esp8266/3p3/espenv/ESP8266_RTOS_SDK/components/esp8266/lib/libcore.a
LOAD /home/zaki/share/zaki/software/esp/esp8266_sniffer_zaki/rtos_sniffer/build/bootloader/bootloader_support/libbootloader_support.a
LOAD /home/zaki/share/zaki/software/esp/esp8266_sniffer_zaki/rtos_sniffer/build/bootloader/spi_flash/libspi_flash.a
LOAD /home/zaki/share/zaki/software/esp/esp8266_sniffer_zaki/rtos_sniffer/build/bootloader/log/liblog.a
LOAD /home/zaki/share/zaki/software/esp/esp8266_sniffer_zaki/rtos_sniffer/build/bootloader/esp8266/libesp8266.a
LOAD /home/zaki/share/zaki/software/esp/esp8266_sniffer_zaki/rtos_sniffer/build/bootloader/util/libutil.a
LOAD /home/zaki/share/zaki/software/esp/rtos_esp8266/3p3/espenv/ESP8266_RTOS_SDK/components/esp8266/lib/libgcc.a
LOAD /opt/xtensa-lx106-elf/bin/../lib/gcc/xtensa-lx106-elf/5.2.0/../../../../xtensa-lx106-elf/lib/libstdc++.a
LOAD /opt/xtensa-lx106-elf/bin/../lib/gcc/xtensa-lx106-elf/5.2.0/libgcov.a
END GROUP

.text           0x0000000040100000     0x1c6a
                0x0000000040100000                _stext = .
                0x0000000040100000                _text_start = ABSOLUTE (.)
                0x0000000040100000                . = ALIGN (0x10)
 *(.entry.text)
 *(.init.literal)
 *(.init)
 *(.literal .text .literal.* .text.* .stub .gnu.warning .gnu.linkonce.literal.* .gnu.linkonce.t.*.literal .gnu.linkonce.t.*)
 .literal.selected_boot_partition
                0x0000000040100000        0x0 /home/zaki/share/zaki/software/esp/esp8266_sniffer_zaki/rtos_sniffer/build/bootloader/main/libmain.a(bootloader_start.o)
                                          0x4 (size before relaxing)
 .literal.select_image
                0x0000000040100000        0xc /home/zaki/share/zaki/software/esp/esp8266_sniffer_zaki/rtos_sniffer/build/bootloader/main/libmain.a(bootloader_start.o)
                                         0x1c (size before relaxing)
 .literal.call_start_cpu
                0x000000004010000c        0x0 /home/zaki/share/zaki/software/esp/esp8266_sniffer_zaki/rtos_sniffer/build/bootloader/main/libmain.a(bootloader_start.o)
                                          0xc (size before relaxing)
 .literal.print_flash_info
                0x000000004010000c       0x48 /home/zaki/share/zaki/software/esp/esp8266_sniffer_zaki/rtos_sniffer/build/bootloader/bootloader_support/libbootloader_support.a(bootloader_init.o)
                                         0x54 (size before relaxing)
 .literal.uart_console_configure
                0x0000000040100054       0x14 /home/zaki/share/zaki/software/esp/esp8266_sniffer_zaki/rtos_sniffer/build/bootloader/bootloader_support/libbootloader_support.a(bootloader_init.o)
                                         0x18 (size before relaxing)
 .literal.update_flash_config
                0x0000000040100068        0x4 /home/zaki/share/zaki/software/esp/esp8266_sniffer_zaki/rtos_sniffer/build/bootloader/bootloader_support/libbootloader_support.a(bootloader_init.o)
                                          0x8 (size before relaxing)
 .literal.bootloader_main
                0x000000004010006c       0x10 /home/zaki/share/zaki/software/esp/esp8266_sniffer_zaki/rtos_sniffer/build/bootloader/bootloader_support/libbootloader_support.a(bootloader_init.o)
                                         0x34 (size before relaxing)
 .literal.bootloader_init
                0x000000004010007c        0x8 /home/zaki/share/zaki/software/esp/esp8266_sniffer_zaki/rtos_sniffer/build/bootloader/bootloader_support/libbootloader_support.a(bootloader_init.o)
                                         0x10 (size before relaxing)
 .literal.log_invalid_app_partition
                0x0000000040100084       0x14 /home/zaki/share/zaki/software/esp/esp8266_sniffer_zaki/rtos_sniffer/build/bootloader/bootloader_support/libbootloader_support.a(bootloader_utility.o)
                                         0x20 (size before relaxing)
 .literal.try_load_partition
                0x0000000040100098        0x4 /home/zaki/share/zaki/software/esp/esp8266_sniffer_zaki/rtos_sniffer/build/bootloader/bootloader_support/libbootloader_support.a(bootloader_utility.o)
                                         0x10 (size before relaxing)
 .literal.bootloader_utility_load_partition_table
                0x000000004010009c       0x4c /home/zaki/share/zaki/software/esp/esp8266_sniffer_zaki/rtos_sniffer/build/bootloader/bootloader_support/libbootloader_support.a(bootloader_utility.o)
                                         0x74 (size before relaxing)
 .literal.bootloader_utility_get_selected_boot_partition
                0x00000000401000e8       0x1c /home/zaki/share/zaki/software/esp/esp8266_sniffer_zaki/rtos_sniffer/build/bootloader/bootloader_support/libbootloader_support.a(bootloader_utility.o)
                                         0x5c (size before relaxing)
 .literal.bootloader_utility_load_boot_image
                0x0000000040100104        0xc /home/zaki/share/zaki/software/esp/esp8266_sniffer_zaki/rtos_sniffer/build/bootloader/bootloader_support/libbootloader_support.a(bootloader_utility.o)
                                         0x40 (size before relaxing)
 .literal.bootloader_utility_load_image
                0x0000000040100110       0x14 /home/zaki/share/zaki/software/esp/esp8266_sniffer_zaki/rtos_sniffer/build/bootloader/bootloader_support/libbootloader_support.a(bootloader_utility.o)
                                         0x1c (size before relaxing)
 .literal.bootloader_common_ota_select_crc
                0x0000000040100124        0x0 /home/zaki/share/zaki/software/esp/esp8266_sniffer_zaki/rtos_sniffer/build/bootloader/bootloader_support/libbootloader_support.a(bootloader_common.o)
                                          0x4 (size before relaxing)
 .literal.bootloader_common_ota_select_valid
                0x0000000040100124        0x0 /home/zaki/share/zaki/software/esp/esp8266_sniffer_zaki/rtos_sniffer/build/bootloader/bootloader_support/libbootloader_support.a(bootloader_common.o)
                                          0x4 (size before relaxing)
 .literal.esp_partition_table_basic_verify
                0x0000000040100124       0x1c /home/zaki/share/zaki/software/esp/esp8266_sniffer_zaki/rtos_sniffer/build/bootloader/bootloader_support/libbootloader_support.a(flash_partitions.o)
                                         0x2c (size before relaxing)
 .literal.should_map
                0x0000000040100140        0x4 /home/zaki/share/zaki/software/esp/esp8266_sniffer_zaki/rtos_sniffer/build/bootloader/bootloader_support/libbootloader_support.a(esp_image_format.o)
                                          0x8 (size before relaxing)
 .literal.should_load
                0x0000000040100144        0x0 /home/zaki/share/zaki/software/esp/esp8266_sniffer_zaki/rtos_sniffer/build/bootloader/bootloader_support/libbootloader_support.a(esp_image_format.o)
                                          0x4 (size before relaxing)
 .literal.verify_image_header
                0x0000000040100144       0x14 /home/zaki/share/zaki/software/esp/esp8266_sniffer_zaki/rtos_sniffer/build/bootloader/bootloader_support/libbootloader_support.a(esp_image_format.o)
                                         0x20 (size before relaxing)
 .literal.process_segment_data
                0x0000000040100158        0x8 /home/zaki/share/zaki/software/esp/esp8266_sniffer_zaki/rtos_sniffer/build/bootloader/bootloader_support/libbootloader_support.a(esp_image_format.o)
                                         0x14 (size before relaxing)
 .literal.verify_checksum
                0x0000000040100160        0x8 /home/zaki/share/zaki/software/esp/esp8266_sniffer_zaki/rtos_sniffer/build/bootloader/bootloader_support/libbootloader_support.a(esp_image_format.o)
                                         0x1c (size before relaxing)
 .literal.process_segment
                0x0000000040100168       0x18 /home/zaki/share/zaki/software/esp/esp8266_sniffer_zaki/rtos_sniffer/build/bootloader/bootloader_support/libbootloader_support.a(esp_image_format.o)
                                         0x40 (size before relaxing)
 .literal.esp_image_load
                0x0000000040100180       0x14 /home/zaki/share/zaki/software/esp/esp8266_sniffer_zaki/rtos_sniffer/build/bootloader/bootloader_support/libbootloader_support.a(esp_image_format.o)
                                         0x44 (size before relaxing)
 .literal.bootloader_flash_read_no_decrypt
                0x0000000040100194        0x4 /home/zaki/share/zaki/software/esp/esp8266_sniffer_zaki/rtos_sniffer/build/bootloader/bootloader_support/libbootloader_support.a(bootloader_flash.o)
 .literal.bootloader_mmap
                0x0000000040100198       0x10 /home/zaki/share/zaki/software/esp/esp8266_sniffer_zaki/rtos_sniffer/build/bootloader/bootloader_support/libbootloader_support.a(bootloader_flash.o)
                                         0x28 (size before relaxing)
 .literal.bootloader_munmap
                0x00000000401001a8        0x0 /home/zaki/share/zaki/software/esp/esp8266_sniffer_zaki/rtos_sniffer/build/bootloader/bootloader_support/libbootloader_support.a(bootloader_flash.o)
                                          0x8 (size before relaxing)
 .literal.bootloader_flash_read
                0x00000000401001a8        0xc /home/zaki/share/zaki/software/esp/esp8266_sniffer_zaki/rtos_sniffer/build/bootloader/bootloader_support/libbootloader_support.a(bootloader_flash.o)
                                         0x20 (size before relaxing)
 .literal.spi_user_cmd
                0x00000000401001b4        0x4 /home/zaki/share/zaki/software/esp/esp8266_sniffer_zaki/rtos_sniffer/build/bootloader/spi_flash/libspi_flash.a(spi_flash.o)
                                          0xc (size before relaxing)
 .literal.special_flash_read_status
                0x00000000401001b8        0x0 /home/zaki/share/zaki/software/esp/esp8266_sniffer_zaki/rtos_sniffer/build/bootloader/spi_flash/libspi_flash.a(spi_flash.o)
                                          0x4 (size before relaxing)
 .literal.flash_gd25q32c_read_status
                0x00000000401001b8        0x0 /home/zaki/share/zaki/software/esp/esp8266_sniffer_zaki/rtos_sniffer/build/bootloader/spi_flash/libspi_flash.a(spi_flash.o)
                                          0x4 (size before relaxing)
 .literal.special_flash_write_status
                0x00000000401001b8        0x0 /home/zaki/share/zaki/software/esp/esp8266_sniffer_zaki/rtos_sniffer/build/bootloader/spi_flash/libspi_flash.a(spi_flash.o)
                                          0x8 (size before relaxing)
 .literal.spi_flash_enable_qio_bit6
                0x00000000401001b8        0x0 /home/zaki/share/zaki/software/esp/esp8266_sniffer_zaki/rtos_sniffer/build/bootloader/spi_flash/libspi_flash.a(spi_flash.o)
                                          0x4 (size before relaxing)
 .literal.flash_gd25q32c_write_status
                0x00000000401001b8        0x0 /home/zaki/share/zaki/software/esp/esp8266_sniffer_zaki/rtos_sniffer/build/bootloader/spi_flash/libspi_flash.a(spi_flash.o)
                                          0x4 (size before relaxing)
 .literal.flash_gd25q32c_enable_QIO_mode
                0x00000000401001b8        0x0 /home/zaki/share/zaki/software/esp/esp8266_sniffer_zaki/rtos_sniffer/build/bootloader/spi_flash/libspi_flash.a(spi_flash.o)
                                          0xc (size before relaxing)
 .literal.en25q16x_read_sfdp
                0x00000000401001b8        0x4 /home/zaki/share/zaki/software/esp/esp8266_sniffer_zaki/rtos_sniffer/build/bootloader/spi_flash/libspi_flash.a(spi_flash.o)
                                          0x8 (size before relaxing)
 .literal.spi_flash_get_id
                0x00000000401001bc        0x0 /home/zaki/share/zaki/software/esp/esp8266_sniffer_zaki/rtos_sniffer/build/bootloader/spi_flash/libspi_flash.a(spi_flash.o)
                                          0xc (size before relaxing)
 .literal.spi_flash_read_status
                0x00000000401001bc        0x0 /home/zaki/share/zaki/software/esp/esp8266_sniffer_zaki/rtos_sniffer/build/bootloader/spi_flash/libspi_flash.a(spi_flash.o)
                                          0xc (size before relaxing)
 .literal.spi_flash_issi_enable_QIO_mode
                0x00000000401001bc        0x0 /home/zaki/share/zaki/software/esp/esp8266_sniffer_zaki/rtos_sniffer/build/bootloader/spi_flash/libspi_flash.a(spi_flash.o)
                                          0xc (size before relaxing)
 .literal.special_flash_set_mode
                0x00000000401001bc        0x0 /home/zaki/share/zaki/software/esp/esp8266_sniffer_zaki/rtos_sniffer/build/bootloader/spi_flash/libspi_flash.a(spi_flash.o)
                                          0x8 (size before relaxing)
 .literal.en25q16x_write_volatile_status
                0x00000000401001bc        0x0 /home/zaki/share/zaki/software/esp/esp8266_sniffer_zaki/rtos_sniffer/build/bootloader/spi_flash/libspi_flash.a(spi_flash.o)
                                         0x14 (size before relaxing)
 .literal.user_spi_flash_dio_to_qio_pre_init
                0x00000000401001bc        0xc /home/zaki/share/zaki/software/esp/esp8266_sniffer_zaki/rtos_sniffer/build/bootloader/spi_flash/libspi_flash.a(spi_flash.o)
                                         0x30 (size before relaxing)
 .literal.esp_spi_flash_init
                0x00000000401001c8       0x20 /home/zaki/share/zaki/software/esp/esp8266_sniffer_zaki/rtos_sniffer/build/bootloader/spi_flash/libspi_flash.a(spi_flash.o)
                                         0x28 (size before relaxing)
 .literal.Cache_Read_Disable_2
                0x00000000401001e8        0xc /home/zaki/share/zaki/software/esp/esp8266_sniffer_zaki/rtos_sniffer/build/bootloader/spi_flash/libspi_flash.a(spi_flash_raw.o)
                                         0x10 (size before relaxing)
 .literal.Cache_Read_Enable_2
                0x00000000401001f4        0x4 /home/zaki/share/zaki/software/esp/esp8266_sniffer_zaki/rtos_sniffer/build/bootloader/spi_flash/libspi_flash.a(spi_flash_raw.o)
                                          0xc (size before relaxing)
 .literal.spi_flash_get_id_raw
                0x00000000401001f8       0x10 /home/zaki/share/zaki/software/esp/esp8266_sniffer_zaki/rtos_sniffer/build/bootloader/spi_flash/libspi_flash.a(spi_flash_raw.o)
                                         0x1c (size before relaxing)
 .literal.spi_flash_read_status_raw
                0x0000000040100208        0x4 /home/zaki/share/zaki/software/esp/esp8266_sniffer_zaki/rtos_sniffer/build/bootloader/spi_flash/libspi_flash.a(spi_flash_raw.o)
                                          0xc (size before relaxing)
 .literal.spi_flash_enable_qmode_raw
                0x000000004010020c        0x4 /home/zaki/share/zaki/software/esp/esp8266_sniffer_zaki/rtos_sniffer/build/bootloader/spi_flash/libspi_flash.a(spi_flash_raw.o)
                                         0x10 (size before relaxing)
 .literal.spi_user_cmd_raw
                0x0000000040100210       0x64 /home/zaki/share/zaki/software/esp/esp8266_sniffer_zaki/rtos_sniffer/build/bootloader/spi_flash/libspi_flash.a(spi_flash_raw.o)
                                         0x8c (size before relaxing)
 .literal.spi_flash_switch_to_qio_raw
                0x0000000040100274        0x8 /home/zaki/share/zaki/software/esp/esp8266_sniffer_zaki/rtos_sniffer/build/bootloader/spi_flash/libspi_flash.a(spi_flash_raw.o)
                                          0xc (size before relaxing)
 .literal.uart_putc
                0x000000004010027c        0x4 /home/zaki/share/zaki/software/esp/esp8266_sniffer_zaki/rtos_sniffer/build/bootloader/esp8266/libesp8266.a(ets_printf.o)
                                          0xc (size before relaxing)
 .literal.ets_putc
                0x0000000040100280        0x0 /home/zaki/share/zaki/software/esp/esp8266_sniffer_zaki/rtos_sniffer/build/bootloader/esp8266/libesp8266.a(ets_printf.o)
                                          0x8 (size before relaxing)
 .literal.ets_vprintf
                0x0000000040100280        0x8 /home/zaki/share/zaki/software/esp/esp8266_sniffer_zaki/rtos_sniffer/build/bootloader/esp8266/libesp8266.a(ets_printf.o)
 .literal.ets_printf
                0x0000000040100288        0x0 /home/zaki/share/zaki/software/esp/esp8266_sniffer_zaki/rtos_sniffer/build/bootloader/esp8266/libesp8266.a(ets_printf.o)
                                          0x4 (size before relaxing)
 .literal.crc32_le
                0x0000000040100288        0x4 /home/zaki/share/zaki/software/esp/esp8266_sniffer_zaki/rtos_sniffer/build/bootloader/util/libutil.a(crc.o)
 .iram1.0.literal
                0x000000004010028c        0x8 /home/zaki/share/zaki/software/esp/esp8266_sniffer_zaki/rtos_sniffer/build/bootloader/log/liblog.a(log.o)
 .iram1.1.literal
                0x0000000040100294       0x18 /home/zaki/share/zaki/software/esp/esp8266_sniffer_zaki/rtos_sniffer/build/bootloader/log/liblog.a(log.o)
                                         0x30 (size before relaxing)
 .text.selected_boot_partition
                0x00000000401002ac        0xf /home/zaki/share/zaki/software/esp/esp8266_sniffer_zaki/rtos_sniffer/build/bootloader/main/libmain.a(bootloader_start.o)
                                         0x13 (size before relaxing)
 *fill*         0x00000000401002bb        0x1 
 .text.select_image
                0x00000000401002bc       0x68 /home/zaki/share/zaki/software/esp/esp8266_sniffer_zaki/rtos_sniffer/build/bootloader/main/libmain.a(bootloader_start.o)
                                         0x70 (size before relaxing)
 .text.call_start_cpu
                0x0000000040100324       0x26 /home/zaki/share/zaki/software/esp/esp8266_sniffer_zaki/rtos_sniffer/build/bootloader/main/libmain.a(bootloader_start.o)
                                         0x2e (size before relaxing)
                0x0000000040100324                call_start_cpu
 *fill*         0x000000004010034a        0x2 
 .text.print_flash_info
                0x000000004010034c       0xc6 /home/zaki/share/zaki/software/esp/esp8266_sniffer_zaki/rtos_sniffer/build/bootloader/bootloader_support/libbootloader_support.a(bootloader_init.o)
                                         0xca (size before relaxing)
 *fill*         0x0000000040100412        0x2 
 .text.uart_console_configure
                0x0000000040100414       0x77 /home/zaki/share/zaki/software/esp/esp8266_sniffer_zaki/rtos_sniffer/build/bootloader/bootloader_support/libbootloader_support.a(bootloader_init.o)
 *fill*         0x000000004010048b        0x1 
 .text.update_flash_config
                0x000000004010048c       0x21 /home/zaki/share/zaki/software/esp/esp8266_sniffer_zaki/rtos_sniffer/build/bootloader/bootloader_support/libbootloader_support.a(bootloader_init.o)
 *fill*         0x00000000401004ad        0x3 
 .text.bootloader_main
                0x00000000401004b0       0x69 /home/zaki/share/zaki/software/esp/esp8266_sniffer_zaki/rtos_sniffer/build/bootloader/bootloader_support/libbootloader_support.a(bootloader_init.o)
                                         0x7d (size before relaxing)
 *fill*         0x0000000040100519        0x3 
 .text.bootloader_init
                0x000000004010051c       0x25 /home/zaki/share/zaki/software/esp/esp8266_sniffer_zaki/rtos_sniffer/build/bootloader/bootloader_support/libbootloader_support.a(bootloader_init.o)
                                         0x29 (size before relaxing)
                0x000000004010051c                bootloader_init
 *fill*         0x0000000040100541        0x3 
 .text.log_invalid_app_partition
                0x0000000040100544       0x4b /home/zaki/share/zaki/software/esp/esp8266_sniffer_zaki/rtos_sniffer/build/bootloader/bootloader_support/libbootloader_support.a(bootloader_utility.o)
                                         0x53 (size before relaxing)
 *fill*         0x000000004010058f        0x1 
 .text.try_load_partition
                0x0000000040100590       0x3d /home/zaki/share/zaki/software/esp/esp8266_sniffer_zaki/rtos_sniffer/build/bootloader/bootloader_support/libbootloader_support.a(bootloader_utility.o)
                                         0x41 (size before relaxing)
 *fill*         0x00000000401005cd        0x3 
 .text.bootloader_utility_load_partition_table
                0x00000000401005d0      0x171 /home/zaki/share/zaki/software/esp/esp8266_sniffer_zaki/rtos_sniffer/build/bootloader/bootloader_support/libbootloader_support.a(bootloader_utility.o)
                                        0x185 (size before relaxing)
                0x00000000401005d0                bootloader_utility_load_partition_table
 *fill*         0x0000000040100741        0x3 
 .text.bootloader_utility_get_selected_boot_partition
                0x0000000040100744      0x146 /home/zaki/share/zaki/software/esp/esp8266_sniffer_zaki/rtos_sniffer/build/bootloader/bootloader_support/libbootloader_support.a(bootloader_utility.o)
                                        0x15e (size before relaxing)
                0x0000000040100744                bootloader_utility_get_selected_boot_partition
 *fill*         0x000000004010088a        0x2 
 .text.bootloader_utility_load_boot_image
                0x000000004010088c       0xd6 /home/zaki/share/zaki/software/esp/esp8266_sniffer_zaki/rtos_sniffer/build/bootloader/bootloader_support/libbootloader_support.a(bootloader_utility.o)
                                         0xfa (size before relaxing)
                0x000000004010088c                bootloader_utility_load_boot_image
 *fill*         0x0000000040100962        0x2 
 .text.bootloader_utility_load_image
                0x0000000040100964       0x69 /home/zaki/share/zaki/software/esp/esp8266_sniffer_zaki/rtos_sniffer/build/bootloader/bootloader_support/libbootloader_support.a(bootloader_utility.o)
                0x0000000040100964                bootloader_utility_load_image
 *fill*         0x00000000401009cd        0x3 
 .text.bootloader_common_ota_select_crc
                0x00000000401009d0       0x18 /home/zaki/share/zaki/software/esp/esp8266_sniffer_zaki/rtos_sniffer/build/bootloader/bootloader_support/libbootloader_support.a(bootloader_common.o)
                0x00000000401009d0                bootloader_common_ota_select_crc
 .text.bootloader_common_ota_select_valid
                0x00000000401009e8       0x2c /home/zaki/share/zaki/software/esp/esp8266_sniffer_zaki/rtos_sniffer/build/bootloader/bootloader_support/libbootloader_support.a(bootloader_common.o)
                0x00000000401009e8                bootloader_common_ota_select_valid
 .text.esp_partition_table_basic_verify
                0x0000000040100a14       0xe7 /home/zaki/share/zaki/software/esp/esp8266_sniffer_zaki/rtos_sniffer/build/bootloader/bootloader_support/libbootloader_support.a(flash_partitions.o)
                                         0xeb (size before relaxing)
                0x0000000040100a14                esp_partition_table_basic_verify
 *fill*         0x0000000040100afb        0x1 
 .text.should_map
                0x0000000040100afc       0x15 /home/zaki/share/zaki/software/esp/esp8266_sniffer_zaki/rtos_sniffer/build/bootloader/bootloader_support/libbootloader_support.a(esp_image_format.o)
 *fill*         0x0000000040100b11        0x3 
 .text.should_load
                0x0000000040100b14       0x19 /home/zaki/share/zaki/software/esp/esp8266_sniffer_zaki/rtos_sniffer/build/bootloader/bootloader_support/libbootloader_support.a(esp_image_format.o)
                                         0x1d (size before relaxing)
 *fill*         0x0000000040100b2d        0x3 
 .text.verify_image_header
                0x0000000040100b30       0x7d /home/zaki/share/zaki/software/esp/esp8266_sniffer_zaki/rtos_sniffer/build/bootloader/bootloader_support/libbootloader_support.a(esp_image_format.o)
                                         0x85 (size before relaxing)
 *fill*         0x0000000040100bad        0x3 
 .text.process_segment_data
                0x0000000040100bb0       0x87 /home/zaki/share/zaki/software/esp/esp8266_sniffer_zaki/rtos_sniffer/build/bootloader/bootloader_support/libbootloader_support.a(esp_image_format.o)
                                         0x8f (size before relaxing)
 *fill*         0x0000000040100c37        0x1 
 .text.verify_checksum
                0x0000000040100c38       0x92 /home/zaki/share/zaki/software/esp/esp8266_sniffer_zaki/rtos_sniffer/build/bootloader/bootloader_support/libbootloader_support.a(esp_image_format.o)
                                         0x9a (size before relaxing)
 *fill*         0x0000000040100cca        0x2 
 .text.process_segment
                0x0000000040100ccc      0x11a /home/zaki/share/zaki/software/esp/esp8266_sniffer_zaki/rtos_sniffer/build/bootloader/bootloader_support/libbootloader_support.a(esp_image_format.o)
                                        0x12a (size before relaxing)
 *fill*         0x0000000040100de6        0x2 
 .text.esp_image_load
                0x0000000040100de8      0x193 /home/zaki/share/zaki/software/esp/esp8266_sniffer_zaki/rtos_sniffer/build/bootloader/bootloader_support/libbootloader_support.a(esp_image_format.o)
                                        0x1ab (size before relaxing)
                0x0000000040100de8                esp_image_load
 *fill*         0x0000000040100f7b        0x1 
 .text.bootloader_flash_read_no_decrypt
                0x0000000040100f7c       0x15 /home/zaki/share/zaki/software/esp/esp8266_sniffer_zaki/rtos_sniffer/build/bootloader/bootloader_support/libbootloader_support.a(bootloader_flash.o)
 *fill*         0x0000000040100f91        0x3 
 .text.bootloader_mmap
                0x0000000040100f94       0x63 /home/zaki/share/zaki/software/esp/esp8266_sniffer_zaki/rtos_sniffer/build/bootloader/bootloader_support/libbootloader_support.a(bootloader_flash.o)
                                         0x67 (size before relaxing)
                0x0000000040100f94                bootloader_mmap
 *fill*         0x0000000040100ff7        0x1 
 .text.bootloader_munmap
                0x0000000040100ff8       0x23 /home/zaki/share/zaki/software/esp/esp8266_sniffer_zaki/rtos_sniffer/build/bootloader/bootloader_support/libbootloader_support.a(bootloader_flash.o)
                0x0000000040100ff8                bootloader_munmap
 *fill*         0x000000004010101b        0x1 
 .text.bootloader_flash_read
                0x000000004010101c       0x62 /home/zaki/share/zaki/software/esp/esp8266_sniffer_zaki/rtos_sniffer/build/bootloader/bootloader_support/libbootloader_support.a(bootloader_flash.o)
                                         0x65 (size before relaxing)
                0x000000004010101c                bootloader_flash_read
 *fill*         0x000000004010107e        0x2 
 .text.spi_user_cmd
                0x0000000040101080       0x4d /home/zaki/share/zaki/software/esp/esp8266_sniffer_zaki/rtos_sniffer/build/bootloader/spi_flash/libspi_flash.a(spi_flash.o)
                0x0000000040101080                spi_user_cmd
 *fill*         0x00000000401010cd        0x3 
 .text.special_flash_read_status
                0x00000000401010d0       0x39 /home/zaki/share/zaki/software/esp/esp8266_sniffer_zaki/rtos_sniffer/build/bootloader/spi_flash/libspi_flash.a(spi_flash.o)
                                         0x3d (size before relaxing)
                0x00000000401010d0                special_flash_read_status
 *fill*         0x0000000040101109        0x3 
 .text.flash_gd25q32c_read_status
                0x000000004010110c       0x33 /home/zaki/share/zaki/software/esp/esp8266_sniffer_zaki/rtos_sniffer/build/bootloader/spi_flash/libspi_flash.a(spi_flash.o)
 *fill*         0x000000004010113f        0x1 
 .text.special_flash_write_status
                0x0000000040101140       0x59 /home/zaki/share/zaki/software/esp/esp8266_sniffer_zaki/rtos_sniffer/build/bootloader/spi_flash/libspi_flash.a(spi_flash.o)
                                         0x61 (size before relaxing)
                0x0000000040101140                special_flash_write_status
 *fill*         0x0000000040101199        0x3 
 .text.spi_flash_enable_qio_bit6
                0x000000004010119c       0x17 /home/zaki/share/zaki/software/esp/esp8266_sniffer_zaki/rtos_sniffer/build/bootloader/spi_flash/libspi_flash.a(spi_flash.o)
                                         0x1b (size before relaxing)
 *fill*         0x00000000401011b3        0x1 
 .text.flash_gd25q32c_write_status
                0x00000000401011b4       0x30 /home/zaki/share/zaki/software/esp/esp8266_sniffer_zaki/rtos_sniffer/build/bootloader/spi_flash/libspi_flash.a(spi_flash.o)
 .text.flash_gd25q32c_enable_QIO_mode
                0x00000000401011e4       0x3e /home/zaki/share/zaki/software/esp/esp8266_sniffer_zaki/rtos_sniffer/build/bootloader/spi_flash/libspi_flash.a(spi_flash.o)
                                         0x46 (size before relaxing)
 *fill*         0x0000000040101222        0x2 
 .text.en25q16x_read_sfdp
                0x0000000040101224       0x43 /home/zaki/share/zaki/software/esp/esp8266_sniffer_zaki/rtos_sniffer/build/bootloader/spi_flash/libspi_flash.a(spi_flash.o)
                0x0000000040101224                en25q16x_read_sfdp
 *fill*         0x0000000040101267        0x1 
 .text.spi_flash_get_id
                0x0000000040101268       0x26 /home/zaki/share/zaki/software/esp/esp8266_sniffer_zaki/rtos_sniffer/build/bootloader/spi_flash/libspi_flash.a(spi_flash.o)
                0x0000000040101268                spi_flash_get_id
 *fill*         0x000000004010128e        0x2 
 .text.spi_flash_read_status
                0x0000000040101290       0x28 /home/zaki/share/zaki/software/esp/esp8266_sniffer_zaki/rtos_sniffer/build/bootloader/spi_flash/libspi_flash.a(spi_flash.o)
                0x0000000040101290                spi_flash_read_status
 .text.spi_flash_issi_enable_QIO_mode
                0x00000000401012b8       0x43 /home/zaki/share/zaki/software/esp/esp8266_sniffer_zaki/rtos_sniffer/build/bootloader/spi_flash/libspi_flash.a(spi_flash.o)
                                         0x4b (size before relaxing)
 *fill*         0x00000000401012fb        0x1 
 .text.special_flash_set_mode
                0x00000000401012fc       0x40 /home/zaki/share/zaki/software/esp/esp8266_sniffer_zaki/rtos_sniffer/build/bootloader/spi_flash/libspi_flash.a(spi_flash.o)
                                         0x44 (size before relaxing)
                0x00000000401012fc                special_flash_set_mode
 .text.en25q16x_write_volatile_status
                0x000000004010133c       0x4f /home/zaki/share/zaki/software/esp/esp8266_sniffer_zaki/rtos_sniffer/build/bootloader/spi_flash/libspi_flash.a(spi_flash.o)
                                         0x5b (size before relaxing)
                0x000000004010133c                en25q16x_write_volatile_status
 *fill*         0x000000004010138b        0x1 
 .text.user_spi_flash_dio_to_qio_pre_init
                0x000000004010138c       0xb9 /home/zaki/share/zaki/software/esp/esp8266_sniffer_zaki/rtos_sniffer/build/bootloader/spi_flash/libspi_flash.a(spi_flash.o)
                                         0xc5 (size before relaxing)
                0x000000004010138c                user_spi_flash_dio_to_qio_pre_init
 *fill*         0x0000000040101445        0x3 
 .text.esp_spi_flash_init
                0x0000000040101448       0xc1 /home/zaki/share/zaki/software/esp/esp8266_sniffer_zaki/rtos_sniffer/build/bootloader/spi_flash/libspi_flash.a(spi_flash.o)
                                         0xc5 (size before relaxing)
                0x0000000040101448                esp_spi_flash_init
 *fill*         0x0000000040101509        0x3 
 .text.Cache_Read_Disable_2
                0x000000004010150c       0x34 /home/zaki/share/zaki/software/esp/esp8266_sniffer_zaki/rtos_sniffer/build/bootloader/spi_flash/libspi_flash.a(spi_flash_raw.o)
                0x000000004010150c                Cache_Read_Disable_2
 .text.Cache_Read_Enable_2
                0x0000000040101540       0x28 /home/zaki/share/zaki/software/esp/esp8266_sniffer_zaki/rtos_sniffer/build/bootloader/spi_flash/libspi_flash.a(spi_flash_raw.o)
                0x0000000040101540                Cache_Read_Enable_New
                0x0000000040101540                Cache_Read_Enable_2
 .text.spi_flash_get_id_raw
                0x0000000040101568       0x57 /home/zaki/share/zaki/software/esp/esp8266_sniffer_zaki/rtos_sniffer/build/bootloader/spi_flash/libspi_flash.a(spi_flash_raw.o)
                0x0000000040101568                spi_flash_get_id_raw
 *fill*         0x00000000401015bf        0x1 
 .text.spi_flash_read_status_raw
                0x00000000401015c0       0x2f /home/zaki/share/zaki/software/esp/esp8266_sniffer_zaki/rtos_sniffer/build/bootloader/spi_flash/libspi_flash.a(spi_flash_raw.o)
                                         0x33 (size before relaxing)
                0x00000000401015c0                spi_flash_read_status_raw
 *fill*         0x00000000401015ef        0x1 
 .text.spi_flash_enable_qmode_raw
                0x00000000401015f0       0x33 /home/zaki/share/zaki/software/esp/esp8266_sniffer_zaki/rtos_sniffer/build/bootloader/spi_flash/libspi_flash.a(spi_flash_raw.o)
                                         0x37 (size before relaxing)
                0x00000000401015f0                spi_flash_enable_qmode_raw
 *fill*         0x0000000040101623        0x1 
 .text.spi_user_cmd_raw
                0x0000000040101624      0x3d7 /home/zaki/share/zaki/software/esp/esp8266_sniffer_zaki/rtos_sniffer/build/bootloader/spi_flash/libspi_flash.a(spi_flash_raw.o)
                0x0000000040101624                spi_user_cmd_raw
 *fill*         0x00000000401019fb        0x1 
 .text.spi_flash_switch_to_qio_raw
                0x00000000401019fc       0x25 /home/zaki/share/zaki/software/esp/esp8266_sniffer_zaki/rtos_sniffer/build/bootloader/spi_flash/libspi_flash.a(spi_flash_raw.o)
                0x00000000401019fc                spi_flash_switch_to_qio_raw
 *fill*         0x0000000040101a21        0x3 
 .text.uart_putc
                0x0000000040101a24       0x21 /home/zaki/share/zaki/software/esp/esp8266_sniffer_zaki/rtos_sniffer/build/bootloader/esp8266/libesp8266.a(ets_printf.o)
 *fill*         0x0000000040101a45        0x3 
 .text.ets_putc
                0x0000000040101a48       0x27 /home/zaki/share/zaki/software/esp/esp8266_sniffer_zaki/rtos_sniffer/build/bootloader/esp8266/libesp8266.a(ets_printf.o)
                0x0000000040101a48                ets_putc
 *fill*         0x0000000040101a6f        0x1 
 .text.ets_vprintf
                0x0000000040101a70       0x1f /home/zaki/share/zaki/software/esp/esp8266_sniffer_zaki/rtos_sniffer/build/bootloader/esp8266/libesp8266.a(ets_printf.o)
                0x0000000040101a70                ets_vprintf
 *fill*         0x0000000040101a8f        0x1 
 .text.ets_printf
                0x0000000040101a90       0x27 /home/zaki/share/zaki/software/esp/esp8266_sniffer_zaki/rtos_sniffer/build/bootloader/esp8266/libesp8266.a(ets_printf.o)
                                         0x2b (size before relaxing)
                0x0000000040101a90                ets_printf
 *fill*         0x0000000040101ab7        0x1 
 .text.crc32_le
                0x0000000040101ab8       0x2f /home/zaki/share/zaki/software/esp/esp8266_sniffer_zaki/rtos_sniffer/build/bootloader/util/libutil.a(crc.o)
                0x0000000040101ab8                crc32_le
 *fill*         0x0000000040101ae7        0x1 
 .text.phy_reg_default
                0x0000000040101ae8       0x36 /home/zaki/share/zaki/software/esp/rtos_esp8266/3p3/espenv/ESP8266_RTOS_SDK/components/esp8266/lib/libcore.a(phy.o)
                0x0000000040101af8                phy_reg_default
 *fill*         0x0000000040101b1e        0x2 
 .text.uart_div_modify
                0x0000000040101b20       0x50 /home/zaki/share/zaki/software/esp/rtos_esp8266/3p3/espenv/ESP8266_RTOS_SDK/components/esp8266/lib/libcore.a(uart.o)
                0x0000000040101b30                uart_div_modify
 *fill*         0x0000000040101b70        0x0 
 *fill*         0x0000000040101b70        0x0 
 *fill*         0x0000000040101b70        0x0 
 *fill*         0x0000000040101b70        0x0 
 *fill*         0x0000000040101b70        0x0 
 *fill*         0x0000000040101b70        0x0 
 *fill*         0x0000000040101b70        0x0 
 .text.index_to_partition
                0x0000000040101b70       0x4b /home/zaki/share/zaki/software/esp/esp8266_sniffer_zaki/rtos_sniffer/build/bootloader/bootloader_support/libbootloader_support.a(bootloader_utility.o)
 *fill*         0x0000000040101bbb        0x0 
 *fill*         0x0000000040101bbb        0x0 
 *fill*         0x0000000040101bbb        0x0 
 *fill*         0x0000000040101bbb        0x0 
 *fill*         0x0000000040101bbb        0x0 
 *fill*         0x0000000040101bbb        0x0 
 *fill*         0x0000000040101bbb        0x0 
 *fill*         0x0000000040101bbb        0x1 
 .text.verify_segment_header
                0x0000000040101bbc        0x4 /home/zaki/share/zaki/software/esp/esp8266_sniffer_zaki/rtos_sniffer/build/bootloader/bootloader_support/libbootloader_support.a(esp_image_format.o)
 *fill*         0x0000000040101bc0        0x0 
 *fill*         0x0000000040101bc0        0x0 
 *fill*         0x0000000040101bc0        0x0 
 *fill*         0x0000000040101bc0        0x0 
 *fill*         0x0000000040101bc0        0x0 
 *fill*         0x0000000040101bc0        0x0 
 *fill*         0x0000000040101bc0        0x0 
 *fill*         0x0000000040101bc0        0x0 
 *fill*         0x0000000040101bc0        0x0 
 *fill*         0x0000000040101bc0        0x0 
 *fill*         0x0000000040101bc0        0x0 
 *fill*         0x0000000040101bc0        0x0 
 *fill*         0x0000000040101bc0        0x0 
 *fill*         0x0000000040101bc0        0x0 
 *fill*         0x0000000040101bc0        0x0 
 *fill*         0x0000000040101bc0        0x0 
 *fill*         0x0000000040101bc0        0x0 
 *fill*         0x0000000040101bc0        0x0 
 *fill*         0x0000000040101bc0        0x0 
 *fill*         0x0000000040101bc0        0x0 
 *fill*         0x0000000040101bc0        0x0 
 *fill*         0x0000000040101bc0        0x0 
 *fill*         0x0000000040101bc0        0x0 
 *fill*         0x0000000040101bc0        0x0 
 *fill*         0x0000000040101bc0        0x0 
 *fill*         0x0000000040101bc0        0x0 
 *fill*         0x0000000040101bc0        0x0 
 *fill*         0x0000000040101bc0        0x0 
 *fill*         0x0000000040101bc0        0x0 
 *fill*         0x0000000040101bc0        0x0 
 *fill*         0x0000000040101bc0        0x0 
 *fill*         0x0000000040101bc0        0x0 
 *fill*         0x0000000040101bc0        0x0 
 *fill*         0x0000000040101bc0        0x0 
 *(.iram1 .iram1.*)
 .iram1.0       0x0000000040101bc0       0x18 /home/zaki/share/zaki/software/esp/esp8266_sniffer_zaki/rtos_sniffer/build/bootloader/log/liblog.a(log.o)
                0x0000000040101bc0                esp_log_early_timestamp
 .iram1.1       0x0000000040101bd8       0x92 /home/zaki/share/zaki/software/esp/esp8266_sniffer_zaki/rtos_sniffer/build/bootloader/log/liblog.a(log.o)
                                         0x9d (size before relaxing)
                0x0000000040101bd8                esp_early_log_write
 *(.fini.literal)
 *(.fini)
 *(.gnu.version)
                0x0000000040101c6a                _text_end = ABSOLUTE (.)
                0x0000000040101c6a                _etext = .

.bss            0x000000003ffe8000      0x408
                0x000000003ffe8000                . = ALIGN (0x8)
                0x000000003ffe8000                _bss_start = ABSOLUTE (.)
 *(.dynsbss)
 *(.sbss)
 *(.sbss.*)
 *(.gnu.linkonce.sb.*)
 *(.scommon)
 *(.sbss2)
 *(.sbss2.*)
 *(.gnu.linkonce.sb2.*)
 *(.dynbss)
 *(.bss)
 *(.bss.*)
 .bss.pbuf$3464
                0x000000003ffe8000      0x400 /home/zaki/share/zaki/software/esp/esp8266_sniffer_zaki/rtos_sniffer/build/bootloader/bootloader_support/libbootloader_support.a(esp_image_format.o)
 .bss.mapped    0x000000003ffe8400        0x1 /home/zaki/share/zaki/software/esp/esp8266_sniffer_zaki/rtos_sniffer/build/bootloader/bootloader_support/libbootloader_support.a(bootloader_flash.o)
 .bss.FlashIsOnGoing
                0x000000003ffe8401        0x1 /home/zaki/share/zaki/software/esp/esp8266_sniffer_zaki/rtos_sniffer/build/bootloader/spi_flash/libspi_flash.a(spi_flash.o)
                0x000000003ffe8401                FlashIsOnGoing
 *(.gnu.linkonce.b.*)
 *(COMMON)
                0x000000003ffe8408                . = ALIGN (0x8)
 *fill*         0x000000003ffe8402        0x6 
                0x000000003ffe8408                _bss_end = ABSOLUTE (.)

.data           0x000000003ffe8408       0x18
                0x000000003ffe8408                _data_start = ABSOLUTE (.)
 *(.data)
 *(.data.*)
 .data.g_rom_flashchip
                0x000000003ffe8408       0x18 /home/zaki/share/zaki/software/esp/esp8266_sniffer_zaki/rtos_sniffer/build/bootloader/spi_flash/libspi_flash.a(spi_flash.o)
                0x000000003ffe8408                g_rom_flashchip
 *(.gnu.linkonce.d.*)
 *(.data1)
 *(.sdata)
 *(.sdata.*)
 *(.gnu.linkonce.s.*)
 *(.sdata2)
 *(.sdata2.*)
 *(.gnu.linkonce.s2.*)
 *(.jcr)
                0x000000003ffe8420                _data_end = ABSOLUTE (.)

.rodata         0x000000003ffe8420      0xde0
                0x000000003ffe8420                _rodata_start = ABSOLUTE (.)
 *(.rodata)
 *(.rodata.*)
 .rodata.str1.4
                0x000000003ffe8420       0x21 /home/zaki/share/zaki/software/esp/esp8266_sniffer_zaki/rtos_sniffer/build/bootloader/main/libmain.a(bootloader_start.o)
 *fill*         0x000000003ffe8441        0x3 
 .rodata.str1.4
                0x000000003ffe8444       0xfe /home/zaki/share/zaki/software/esp/esp8266_sniffer_zaki/rtos_sniffer/build/bootloader/bootloader_support/libbootloader_support.a(bootloader_init.o)
                                        0x10a (size before relaxing)
 *fill*         0x000000003ffe8542        0x2 
 .rodata.print_flash_info
                0x000000003ffe8544       0x28 /home/zaki/share/zaki/software/esp/esp8266_sniffer_zaki/rtos_sniffer/build/bootloader/bootloader_support/libbootloader_support.a(bootloader_init.o)
 .rodata.str1.4
                0x000000003ffe856c      0x38a /home/zaki/share/zaki/software/esp/esp8266_sniffer_zaki/rtos_sniffer/build/bootloader/bootloader_support/libbootloader_support.a(bootloader_utility.o)
                                        0x392 (size before relaxing)
 *fill*         0x000000003ffe88f6        0x2 
 .rodata.str1.4
                0x000000003ffe88f8       0xb4 /home/zaki/share/zaki/software/esp/esp8266_sniffer_zaki/rtos_sniffer/build/bootloader/bootloader_support/libbootloader_support.a(flash_partitions.o)
 .rodata.str1.4
                0x000000003ffe89ac      0x26b /home/zaki/share/zaki/software/esp/esp8266_sniffer_zaki/rtos_sniffer/build/bootloader/bootloader_support/libbootloader_support.a(esp_image_format.o)
                                        0x26f (size before relaxing)
 *fill*         0x000000003ffe8c17        0x1 
 .rodata.str1.4
                0x000000003ffe8c18      0x17b /home/zaki/share/zaki/software/esp/esp8266_sniffer_zaki/rtos_sniffer/build/bootloader/bootloader_support/libbootloader_support.a(bootloader_flash.o)
 *fill*         0x000000003ffe8d93        0x1 
 .rodata.str1.4
                0x000000003ffe8d94       0x29 /home/zaki/share/zaki/software/esp/esp8266_sniffer_zaki/rtos_sniffer/build/bootloader/spi_flash/libspi_flash.a(spi_flash.o)
 *fill*         0x000000003ffe8dbd        0x3 
 .rodata.str1.4
                0x000000003ffe8dc0       0x20 /home/zaki/share/zaki/software/esp/esp8266_sniffer_zaki/rtos_sniffer/build/bootloader/log/liblog.a(log.o)
                                         0x22 (size before relaxing)
 .rodata.s_log_prefix
                0x000000003ffe8de0        0x6 /home/zaki/share/zaki/software/esp/esp8266_sniffer_zaki/rtos_sniffer/build/bootloader/log/liblog.a(log.o)
 *fill*         0x000000003ffe8de6        0x2 
 .rodata.s_log_color
                0x000000003ffe8de8       0x18 /home/zaki/share/zaki/software/esp/esp8266_sniffer_zaki/rtos_sniffer/build/bootloader/log/liblog.a(log.o)
 .rodata.crc32_le_table
                0x000000003ffe8e00      0x400 /home/zaki/share/zaki/software/esp/esp8266_sniffer_zaki/rtos_sniffer/build/bootloader/util/libutil.a(crc.o)
 *(.gnu.linkonce.r.*)
 *(.rodata1)
                0x000000003ffe9200                __XT_EXCEPTION_TABLE_ = ABSOLUTE (.)
 *(.xt_except_table)
 *(.gcc_except_table)
 *(.gnu.linkonce.e.*)
 *(.gnu.version_r)
 *(.eh_frame)
                0x000000003ffe9200                . = ((. + 0x3) & 0xfffffffffffffffc)
                0x000000003ffe9200                __init_array_start = ABSOLUTE (.)
 *crtbegin.o(.ctors)
 *(EXCLUDE_FILE(*crtend.o) .ctors)
 *(SORT(.ctors.*))
 *(.ctors)
                0x000000003ffe9200                __init_array_end = ABSOLUTE (.)
 *crtbegin.o(.dtors)
 *(EXCLUDE_FILE(*crtend.o) .dtors)
 *(SORT(.dtors.*))
 *(.dtors)
                0x000000003ffe9200                __XT_EXCEPTION_DESCS_ = ABSOLUTE (.)
 *(.xt_except_desc)
 *(.gnu.linkonce.h.*)
                0x000000003ffe9200                __XT_EXCEPTION_DESCS_END__ = ABSOLUTE (.)
 *(.xt_except_desc_end)
 *(.dynamic)
 *(.gnu.version_d)
                0x000000003ffe9200                _rodata_end = ABSOLUTE (.)
                0x000000003ffe9200                _lit4_start = ABSOLUTE (.)
 *(*.lit4)
 *(.lit4.*)
 *(.gnu.linkonce.lit4.*)
                0x000000003ffe9200                _lit4_end = ABSOLUTE (.)
                0x000000003ffe9200                . = ALIGN (0x4)
                0x000000003ffe9200                _heap_start = ABSOLUTE (.)
                0x0000000060001100                PROVIDE (rtc_sys_info, 0x60001100)
                0x00000000400040c0                PROVIDE (SPI_sector_erase, 0x400040c0)
                0x0000000040004174                PROVIDE (SPI_page_program, 0x40004174)
                0x00000000400042ac                PROVIDE (SPI_read_data, 0x400042ac)
                0x00000000400043c8                PROVIDE (SPI_read_status, 0x400043c8)
                0x0000000040004400                PROVIDE (SPI_write_status, 0x40004400)
                0x000000004000443c                PROVIDE (SPI_write_enable, 0x4000443c)
                0x000000004000448c                PROVIDE (Wait_SPI_Idle, 0x4000448c)
                0x00000000400044c0                PROVIDE (Enable_QMode, 0x400044c0)
                [!provide]                        PROVIDE (Disable_QMode, 0x40004508)
                0x0000000040004678                PROVIDE (Cache_Read_Enable, 0x40004678)
                0x00000000400047f0                PROVIDE (Cache_Read_Disable, 0x400047f0)
                [!provide]                        PROVIDE (lldesc_build_chain, 0x40004f40)
                [!provide]                        PROVIDE (lldesc_num2link, 0x40005050)
                [!provide]                        PROVIDE (lldesc_set_owner, 0x4000507c)
                [!provide]                        PROVIDE (__adddf3, 0x4000c538)
                [!provide]                        PROVIDE (__addsf3, 0x4000c180)
                [!provide]                        PROVIDE (__divdf3, 0x4000cb94)
                [!provide]                        PROVIDE (__divdi3, 0x4000ce60)
                [!provide]                        PROVIDE (__divsi3, 0x4000dc88)
                [!provide]                        PROVIDE (__extendsfdf2, 0x4000cdfc)
                [!provide]                        PROVIDE (__fixdfsi, 0x4000ccb8)
                [!provide]                        PROVIDE (__fixunsdfsi, 0x4000cd00)
                [!provide]                        PROVIDE (__fixunssfsi, 0x4000c4c4)
                [!provide]                        PROVIDE (__floatsidf, 0x4000e2f0)
                [!provide]                        PROVIDE (__floatsisf, 0x4000e2ac)
                [!provide]                        PROVIDE (__floatunsidf, 0x4000e2e8)
                [!provide]                        PROVIDE (__floatunsisf, 0x4000e2a4)
                [!provide]                        PROVIDE (__muldf3, 0x4000c8f0)
                [!provide]                        PROVIDE (__muldi3, 0x40000650)
                [!provide]                        PROVIDE (__mulsf3, 0x4000c3dc)
                [!provide]                        PROVIDE (__subdf3, 0x4000c688)
                [!provide]                        PROVIDE (__subsf3, 0x4000c268)
                [!provide]                        PROVIDE (__truncdfsf2, 0x4000cd5c)
                [!provide]                        PROVIDE (__udivdi3, 0x4000d310)
                0x000000004000e21c                PROVIDE (__udivsi3, 0x4000e21c)
                [!provide]                        PROVIDE (__umoddi3, 0x4000d770)
                0x000000004000e268                PROVIDE (__umodsi3, 0x4000e268)
                [!provide]                        PROVIDE (__umulsidi3, 0x4000dcf0)
                [!provide]                        PROVIDE (bzero, 0x4000de84)
                [!provide]                        PROVIDE (memcmp, 0x4000dea8)
                0x000000004000df48                PROVIDE (memcpy, 0x4000df48)
                [!provide]                        PROVIDE (memmove, 0x4000e04c)
                0x000000004000e190                PROVIDE (memset, 0x4000e190)
                [!provide]                        PROVIDE (strcmp, 0x4000bdc8)
                [!provide]                        PROVIDE (strcpy, 0x4000bec8)
                [!provide]                        PROVIDE (strlen, 0x4000bf4c)
                [!provide]                        PROVIDE (strncmp, 0x4000bfa8)
                [!provide]                        PROVIDE (strncpy, 0x4000c0a0)
                [!provide]                        PROVIDE (strstr, 0x4000e1e0)
                0x0000000040004cf0                PROVIDE (gpio_input_get, 0x40004cf0)
                [!provide]                        PROVIDE (gpio_pin_wakeup_disable, 0x40004ed4)
                [!provide]                        PROVIDE (gpio_pin_wakeup_enable, 0x40004e90)
                0x0000000040001f00                PROVIDE (ets_io_vprintf, 0x40001f00)
                [!provide]                        PROVIDE (uart_rx_one_char, 0x40003b8c)
                [!provide]                        PROVIDE (rom_i2c_readReg, 0x40007268)
                [!provide]                        PROVIDE (rom_i2c_readReg_Mask, 0x4000729c)
                [!provide]                        PROVIDE (rom_i2c_writeReg, 0x400072d8)
                [!provide]                        PROVIDE (rom_i2c_writeReg_Mask, 0x4000730c)
                [!provide]                        PROVIDE (rom_software_reboot, 0x40000080)
                [!provide]                        PROVIDE (ets_memcpy, 0x400018b4)
                0x0000000040004b1c                PROVIDE (SPIRead, 0x40004b1c)
                0x0000000040004a4c                PROVIDE (SPIWrite, 0x40004a4c)
                0x0000000040004a00                PROVIDE (SPIEraseSector, 0x40004a00)
                [!provide]                        PROVIDE (gpio_input_get, 0x40004cf0)
                [!provide]                        PROVIDE (xthal_get_ccount, 0x4000dd38)
                [!provide]                        PROVIDE (uart_div_modify, 0x400039d8)
                [!provide]                        PROVIDE (ets_io_vprintf, 0x40001f00)
OUTPUT(/home/zaki/share/zaki/software/esp/esp8266_sniffer_zaki/rtos_sniffer/build/bootloader/bootloader.elf elf32-xtensa-le)

.debug_frame    0x0000000000000000      0xab8
 .debug_frame   0x0000000000000000       0x74 /home/zaki/share/zaki/software/esp/esp8266_sniffer_zaki/rtos_sniffer/build/bootloader/main/libmain.a(bootloader_start.o)
 .debug_frame   0x0000000000000074       0xb4 /home/zaki/share/zaki/software/esp/esp8266_sniffer_zaki/rtos_sniffer/build/bootloader/bootloader_support/libbootloader_support.a(bootloader_init.o)
 .debug_frame   0x0000000000000128       0xfc /home/zaki/share/zaki/software/esp/esp8266_sniffer_zaki/rtos_sniffer/build/bootloader/bootloader_support/libbootloader_support.a(bootloader_utility.o)
 .debug_frame   0x0000000000000224       0x74 /home/zaki/share/zaki/software/esp/esp8266_sniffer_zaki/rtos_sniffer/build/bootloader/bootloader_support/libbootloader_support.a(bootloader_common.o)
 .debug_frame   0x0000000000000298       0x38 /home/zaki/share/zaki/software/esp/esp8266_sniffer_zaki/rtos_sniffer/build/bootloader/bootloader_support/libbootloader_support.a(flash_partitions.o)
 .debug_frame   0x00000000000002d0      0x13c /home/zaki/share/zaki/software/esp/esp8266_sniffer_zaki/rtos_sniffer/build/bootloader/bootloader_support/libbootloader_support.a(esp_image_format.o)
 .debug_frame   0x000000000000040c       0xd8 /home/zaki/share/zaki/software/esp/esp8266_sniffer_zaki/rtos_sniffer/build/bootloader/bootloader_support/libbootloader_support.a(bootloader_flash.o)
 .debug_frame   0x00000000000004e4      0x350 /home/zaki/share/zaki/software/esp/esp8266_sniffer_zaki/rtos_sniffer/build/bootloader/spi_flash/libspi_flash.a(spi_flash.o)
 .debug_frame   0x0000000000000834      0x16c /home/zaki/share/zaki/software/esp/esp8266_sniffer_zaki/rtos_sniffer/build/bootloader/spi_flash/libspi_flash.a(spi_flash_raw.o)
 .debug_frame   0x00000000000009a0       0x58 /home/zaki/share/zaki/software/esp/esp8266_sniffer_zaki/rtos_sniffer/build/bootloader/log/liblog.a(log.o)
 .debug_frame   0x00000000000009f8       0x80 /home/zaki/share/zaki/software/esp/esp8266_sniffer_zaki/rtos_sniffer/build/bootloader/esp8266/libesp8266.a(ets_printf.o)
 .debug_frame   0x0000000000000a78       0x40 /home/zaki/share/zaki/software/esp/esp8266_sniffer_zaki/rtos_sniffer/build/bootloader/util/libutil.a(crc.o)

.debug_info     0x0000000000000000     0x51f3
 .debug_info    0x0000000000000000      0x4b5 /home/zaki/share/zaki/software/esp/esp8266_sniffer_zaki/rtos_sniffer/build/bootloader/main/libmain.a(bootloader_start.o)
 .debug_info    0x00000000000004b5      0x4fd /home/zaki/share/zaki/software/esp/esp8266_sniffer_zaki/rtos_sniffer/build/bootloader/bootloader_support/libbootloader_support.a(bootloader_init.o)
 .debug_info    0x00000000000009b2      0xd5a /home/zaki/share/zaki/software/esp/esp8266_sniffer_zaki/rtos_sniffer/build/bootloader/bootloader_support/libbootloader_support.a(bootloader_utility.o)
 .debug_info    0x000000000000170c      0x341 /home/zaki/share/zaki/software/esp/esp8266_sniffer_zaki/rtos_sniffer/build/bootloader/bootloader_support/libbootloader_support.a(bootloader_common.o)
 .debug_info    0x0000000000001a4d      0x3d6 /home/zaki/share/zaki/software/esp/esp8266_sniffer_zaki/rtos_sniffer/build/bootloader/bootloader_support/libbootloader_support.a(flash_partitions.o)
 .debug_info    0x0000000000001e23      0xcf6 /home/zaki/share/zaki/software/esp/esp8266_sniffer_zaki/rtos_sniffer/build/bootloader/bootloader_support/libbootloader_support.a(esp_image_format.o)
 .debug_info    0x0000000000002b19      0x506 /home/zaki/share/zaki/software/esp/esp8266_sniffer_zaki/rtos_sniffer/build/bootloader/bootloader_support/libbootloader_support.a(bootloader_flash.o)
 .debug_info    0x000000000000301f     0x134f /home/zaki/share/zaki/software/esp/esp8266_sniffer_zaki/rtos_sniffer/build/bootloader/spi_flash/libspi_flash.a(spi_flash.o)
 .debug_info    0x000000000000436e      0x756 /home/zaki/share/zaki/software/esp/esp8266_sniffer_zaki/rtos_sniffer/build/bootloader/spi_flash/libspi_flash.a(spi_flash_raw.o)
 .debug_info    0x0000000000004ac4      0x307 /home/zaki/share/zaki/software/esp/esp8266_sniffer_zaki/rtos_sniffer/build/bootloader/log/liblog.a(log.o)
 .debug_info    0x0000000000004dcb      0x21f /home/zaki/share/zaki/software/esp/esp8266_sniffer_zaki/rtos_sniffer/build/bootloader/esp8266/libesp8266.a(ets_printf.o)
 .debug_info    0x0000000000004fea      0x209 /home/zaki/share/zaki/software/esp/esp8266_sniffer_zaki/rtos_sniffer/build/bootloader/util/libutil.a(crc.o)

.debug_abbrev   0x0000000000000000     0x1468
 .debug_abbrev  0x0000000000000000      0x18e /home/zaki/share/zaki/software/esp/esp8266_sniffer_zaki/rtos_sniffer/build/bootloader/main/libmain.a(bootloader_start.o)
 .debug_abbrev  0x000000000000018e      0x1c1 /home/zaki/share/zaki/software/esp/esp8266_sniffer_zaki/rtos_sniffer/build/bootloader/bootloader_support/libbootloader_support.a(bootloader_init.o)
 .debug_abbrev  0x000000000000034f      0x25c /home/zaki/share/zaki/software/esp/esp8266_sniffer_zaki/rtos_sniffer/build/bootloader/bootloader_support/libbootloader_support.a(bootloader_utility.o)
 .debug_abbrev  0x00000000000005ab      0x1aa /home/zaki/share/zaki/software/esp/esp8266_sniffer_zaki/rtos_sniffer/build/bootloader/bootloader_support/libbootloader_support.a(bootloader_common.o)
 .debug_abbrev  0x0000000000000755      0x16e /home/zaki/share/zaki/software/esp/esp8266_sniffer_zaki/rtos_sniffer/build/bootloader/bootloader_support/libbootloader_support.a(flash_partitions.o)
 .debug_abbrev  0x00000000000008c3      0x1e6 /home/zaki/share/zaki/software/esp/esp8266_sniffer_zaki/rtos_sniffer/build/bootloader/bootloader_support/libbootloader_support.a(esp_image_format.o)
 .debug_abbrev  0x0000000000000aa9      0x173 /home/zaki/share/zaki/software/esp/esp8266_sniffer_zaki/rtos_sniffer/build/bootloader/bootloader_support/libbootloader_support.a(bootloader_flash.o)
 .debug_abbrev  0x0000000000000c1c      0x306 /home/zaki/share/zaki/software/esp/esp8266_sniffer_zaki/rtos_sniffer/build/bootloader/spi_flash/libspi_flash.a(spi_flash.o)
 .debug_abbrev  0x0000000000000f22      0x176 /home/zaki/share/zaki/software/esp/esp8266_sniffer_zaki/rtos_sniffer/build/bootloader/spi_flash/libspi_flash.a(spi_flash_raw.o)
 .debug_abbrev  0x0000000000001098      0x1c8 /home/zaki/share/zaki/software/esp/esp8266_sniffer_zaki/rtos_sniffer/build/bootloader/log/liblog.a(log.o)
 .debug_abbrev  0x0000000000001260      0x159 /home/zaki/share/zaki/software/esp/esp8266_sniffer_zaki/rtos_sniffer/build/bootloader/esp8266/libesp8266.a(ets_printf.o)
 .debug_abbrev  0x00000000000013b9       0xaf /home/zaki/share/zaki/software/esp/esp8266_sniffer_zaki/rtos_sniffer/build/bootloader/util/libutil.a(crc.o)

.debug_loc      0x0000000000000000     0x3152
 .debug_loc     0x0000000000000000       0x76 /home/zaki/share/zaki/software/esp/esp8266_sniffer_zaki/rtos_sniffer/build/bootloader/main/libmain.a(bootloader_start.o)
 .debug_loc     0x0000000000000076       0xf6 /home/zaki/share/zaki/software/esp/esp8266_sniffer_zaki/rtos_sniffer/build/bootloader/bootloader_support/libbootloader_support.a(bootloader_init.o)
 .debug_loc     0x000000000000016c      0x5c4 /home/zaki/share/zaki/software/esp/esp8266_sniffer_zaki/rtos_sniffer/build/bootloader/bootloader_support/libbootloader_support.a(bootloader_utility.o)
 .debug_loc     0x0000000000000730      0x2e6 /home/zaki/share/zaki/software/esp/esp8266_sniffer_zaki/rtos_sniffer/build/bootloader/bootloader_support/libbootloader_support.a(bootloader_common.o)
 .debug_loc     0x0000000000000a16      0x108 /home/zaki/share/zaki/software/esp/esp8266_sniffer_zaki/rtos_sniffer/build/bootloader/bootloader_support/libbootloader_support.a(flash_partitions.o)
 .debug_loc     0x0000000000000b1e      0x991 /home/zaki/share/zaki/software/esp/esp8266_sniffer_zaki/rtos_sniffer/build/bootloader/bootloader_support/libbootloader_support.a(esp_image_format.o)
 .debug_loc     0x00000000000014af      0x33b /home/zaki/share/zaki/software/esp/esp8266_sniffer_zaki/rtos_sniffer/build/bootloader/bootloader_support/libbootloader_support.a(bootloader_flash.o)
 .debug_loc     0x00000000000017ea     0x10ba /home/zaki/share/zaki/software/esp/esp8266_sniffer_zaki/rtos_sniffer/build/bootloader/spi_flash/libspi_flash.a(spi_flash.o)
 .debug_loc     0x00000000000028a4      0x5a0 /home/zaki/share/zaki/software/esp/esp8266_sniffer_zaki/rtos_sniffer/build/bootloader/spi_flash/libspi_flash.a(spi_flash_raw.o)
 .debug_loc     0x0000000000002e44       0xe1 /home/zaki/share/zaki/software/esp/esp8266_sniffer_zaki/rtos_sniffer/build/bootloader/log/liblog.a(log.o)
 .debug_loc     0x0000000000002f25       0x9b /home/zaki/share/zaki/software/esp/esp8266_sniffer_zaki/rtos_sniffer/build/bootloader/esp8266/libesp8266.a(ets_printf.o)
 .debug_loc     0x0000000000002fc0      0x192 /home/zaki/share/zaki/software/esp/esp8266_sniffer_zaki/rtos_sniffer/build/bootloader/util/libutil.a(crc.o)

.debug_aranges  0x0000000000000000      0x3a0
 .debug_aranges
                0x0000000000000000       0x30 /home/zaki/share/zaki/software/esp/esp8266_sniffer_zaki/rtos_sniffer/build/bootloader/main/libmain.a(bootloader_start.o)
 .debug_aranges
                0x0000000000000030       0x40 /home/zaki/share/zaki/software/esp/esp8266_sniffer_zaki/rtos_sniffer/build/bootloader/bootloader_support/libbootloader_support.a(bootloader_init.o)
 .debug_aranges
                0x0000000000000070       0x50 /home/zaki/share/zaki/software/esp/esp8266_sniffer_zaki/rtos_sniffer/build/bootloader/bootloader_support/libbootloader_support.a(bootloader_utility.o)
 .debug_aranges
                0x00000000000000c0       0x30 /home/zaki/share/zaki/software/esp/esp8266_sniffer_zaki/rtos_sniffer/build/bootloader/bootloader_support/libbootloader_support.a(bootloader_common.o)
 .debug_aranges
                0x00000000000000f0       0x20 /home/zaki/share/zaki/software/esp/esp8266_sniffer_zaki/rtos_sniffer/build/bootloader/bootloader_support/libbootloader_support.a(flash_partitions.o)
 .debug_aranges
                0x0000000000000110       0x60 /home/zaki/share/zaki/software/esp/esp8266_sniffer_zaki/rtos_sniffer/build/bootloader/bootloader_support/libbootloader_support.a(esp_image_format.o)
 .debug_aranges
                0x0000000000000170       0x48 /home/zaki/share/zaki/software/esp/esp8266_sniffer_zaki/rtos_sniffer/build/bootloader/bootloader_support/libbootloader_support.a(bootloader_flash.o)
 .debug_aranges
                0x00000000000001b8       0xe8 /home/zaki/share/zaki/software/esp/esp8266_sniffer_zaki/rtos_sniffer/build/bootloader/spi_flash/libspi_flash.a(spi_flash.o)
 .debug_aranges
                0x00000000000002a0       0x70 /home/zaki/share/zaki/software/esp/esp8266_sniffer_zaki/rtos_sniffer/build/bootloader/spi_flash/libspi_flash.a(spi_flash_raw.o)
 .debug_aranges
                0x0000000000000310       0x28 /home/zaki/share/zaki/software/esp/esp8266_sniffer_zaki/rtos_sniffer/build/bootloader/log/liblog.a(log.o)
 .debug_aranges
                0x0000000000000338       0x38 /home/zaki/share/zaki/software/esp/esp8266_sniffer_zaki/rtos_sniffer/build/bootloader/esp8266/libesp8266.a(ets_printf.o)
 .debug_aranges
                0x0000000000000370       0x30 /home/zaki/share/zaki/software/esp/esp8266_sniffer_zaki/rtos_sniffer/build/bootloader/util/libutil.a(crc.o)

.debug_ranges   0x0000000000000000      0x3f8
 .debug_ranges  0x0000000000000000       0x20 /home/zaki/share/zaki/software/esp/esp8266_sniffer_zaki/rtos_sniffer/build/bootloader/main/libmain.a(bootloader_start.o)
 .debug_ranges  0x0000000000000020       0x30 /home/zaki/share/zaki/software/esp/esp8266_sniffer_zaki/rtos_sniffer/build/bootloader/bootloader_support/libbootloader_support.a(bootloader_init.o)
 .debug_ranges  0x0000000000000050       0x40 /home/zaki/share/zaki/software/esp/esp8266_sniffer_zaki/rtos_sniffer/build/bootloader/bootloader_support/libbootloader_support.a(bootloader_utility.o)
 .debug_ranges  0x0000000000000090       0x20 /home/zaki/share/zaki/software/esp/esp8266_sniffer_zaki/rtos_sniffer/build/bootloader/bootloader_support/libbootloader_support.a(bootloader_common.o)
 .debug_ranges  0x00000000000000b0       0x40 /home/zaki/share/zaki/software/esp/esp8266_sniffer_zaki/rtos_sniffer/build/bootloader/bootloader_support/libbootloader_support.a(flash_partitions.o)
 .debug_ranges  0x00000000000000f0       0x80 /home/zaki/share/zaki/software/esp/esp8266_sniffer_zaki/rtos_sniffer/build/bootloader/bootloader_support/libbootloader_support.a(esp_image_format.o)
 .debug_ranges  0x0000000000000170       0x38 /home/zaki/share/zaki/software/esp/esp8266_sniffer_zaki/rtos_sniffer/build/bootloader/bootloader_support/libbootloader_support.a(bootloader_flash.o)
 .debug_ranges  0x00000000000001a8      0x190 /home/zaki/share/zaki/software/esp/esp8266_sniffer_zaki/rtos_sniffer/build/bootloader/spi_flash/libspi_flash.a(spi_flash.o)
 .debug_ranges  0x0000000000000338       0x60 /home/zaki/share/zaki/software/esp/esp8266_sniffer_zaki/rtos_sniffer/build/bootloader/spi_flash/libspi_flash.a(spi_flash_raw.o)
 .debug_ranges  0x0000000000000398       0x18 /home/zaki/share/zaki/software/esp/esp8266_sniffer_zaki/rtos_sniffer/build/bootloader/log/liblog.a(log.o)
 .debug_ranges  0x00000000000003b0       0x28 /home/zaki/share/zaki/software/esp/esp8266_sniffer_zaki/rtos_sniffer/build/bootloader/esp8266/libesp8266.a(ets_printf.o)
 .debug_ranges  0x00000000000003d8       0x20 /home/zaki/share/zaki/software/esp/esp8266_sniffer_zaki/rtos_sniffer/build/bootloader/util/libutil.a(crc.o)

.debug_line     0x0000000000000000     0x4286
 .debug_line    0x0000000000000000      0x40b /home/zaki/share/zaki/software/esp/esp8266_sniffer_zaki/rtos_sniffer/build/bootloader/main/libmain.a(bootloader_start.o)
 .debug_line    0x000000000000040b      0x574 /home/zaki/share/zaki/software/esp/esp8266_sniffer_zaki/rtos_sniffer/build/bootloader/bootloader_support/libbootloader_support.a(bootloader_init.o)
 .debug_line    0x000000000000097f      0x8c2 /home/zaki/share/zaki/software/esp/esp8266_sniffer_zaki/rtos_sniffer/build/bootloader/bootloader_support/libbootloader_support.a(bootloader_utility.o)
 .debug_line    0x0000000000001241      0x3dc /home/zaki/share/zaki/software/esp/esp8266_sniffer_zaki/rtos_sniffer/build/bootloader/bootloader_support/libbootloader_support.a(bootloader_common.o)
 .debug_line    0x000000000000161d      0x3f4 /home/zaki/share/zaki/software/esp/esp8266_sniffer_zaki/rtos_sniffer/build/bootloader/bootloader_support/libbootloader_support.a(flash_partitions.o)
 .debug_line    0x0000000000001a11      0x7e2 /home/zaki/share/zaki/software/esp/esp8266_sniffer_zaki/rtos_sniffer/build/bootloader/bootloader_support/libbootloader_support.a(esp_image_format.o)
 .debug_line    0x00000000000021f3      0x3f8 /home/zaki/share/zaki/software/esp/esp8266_sniffer_zaki/rtos_sniffer/build/bootloader/bootloader_support/libbootloader_support.a(bootloader_flash.o)
 .debug_line    0x00000000000025eb      0xda3 /home/zaki/share/zaki/software/esp/esp8266_sniffer_zaki/rtos_sniffer/build/bootloader/spi_flash/libspi_flash.a(spi_flash.o)
 .debug_line    0x000000000000338e      0x6c0 /home/zaki/share/zaki/software/esp/esp8266_sniffer_zaki/rtos_sniffer/build/bootloader/spi_flash/libspi_flash.a(spi_flash_raw.o)
 .debug_line    0x0000000000003a4e      0x3e3 /home/zaki/share/zaki/software/esp/esp8266_sniffer_zaki/rtos_sniffer/build/bootloader/log/liblog.a(log.o)
 .debug_line    0x0000000000003e31      0x282 /home/zaki/share/zaki/software/esp/esp8266_sniffer_zaki/rtos_sniffer/build/bootloader/esp8266/libesp8266.a(ets_printf.o)
 .debug_line    0x00000000000040b3      0x1d3 /home/zaki/share/zaki/software/esp/esp8266_sniffer_zaki/rtos_sniffer/build/bootloader/util/libutil.a(crc.o)

.debug_str      0x0000000000000000     0x1a22
 .debug_str     0x0000000000000000      0x4a7 /home/zaki/share/zaki/software/esp/esp8266_sniffer_zaki/rtos_sniffer/build/bootloader/main/libmain.a(bootloader_start.o)
                                        0x530 (size before relaxing)
 .debug_str     0x00000000000004a7      0x34d /home/zaki/share/zaki/software/esp/esp8266_sniffer_zaki/rtos_sniffer/build/bootloader/bootloader_support/libbootloader_support.a(bootloader_init.o)
                                        0x5e8 (size before relaxing)
 .debug_str     0x00000000000007f4      0x299 /home/zaki/share/zaki/software/esp/esp8266_sniffer_zaki/rtos_sniffer/build/bootloader/bootloader_support/libbootloader_support.a(bootloader_utility.o)
                                        0x75a (size before relaxing)
 .debug_str     0x0000000000000a8d      0x192 /home/zaki/share/zaki/software/esp/esp8266_sniffer_zaki/rtos_sniffer/build/bootloader/bootloader_support/libbootloader_support.a(bootloader_common.o)
                                        0x3d3 (size before relaxing)
 .debug_str     0x0000000000000c1f      0x10a /home/zaki/share/zaki/software/esp/esp8266_sniffer_zaki/rtos_sniffer/build/bootloader/bootloader_support/libbootloader_support.a(flash_partitions.o)
                                        0x401 (size before relaxing)
 .debug_str     0x0000000000000d29      0x1f7 /home/zaki/share/zaki/software/esp/esp8266_sniffer_zaki/rtos_sniffer/build/bootloader/bootloader_support/libbootloader_support.a(esp_image_format.o)
                                        0x7c9 (size before relaxing)
 .debug_str     0x0000000000000f20      0x135 /home/zaki/share/zaki/software/esp/esp8266_sniffer_zaki/rtos_sniffer/build/bootloader/bootloader_support/libbootloader_support.a(bootloader_flash.o)
                                        0x3dd (size before relaxing)
 .debug_str     0x0000000000001055      0x57f /home/zaki/share/zaki/software/esp/esp8266_sniffer_zaki/rtos_sniffer/build/bootloader/spi_flash/libspi_flash.a(spi_flash.o)
                                        0x96b (size before relaxing)
 .debug_str     0x00000000000015d4      0x153 /home/zaki/share/zaki/software/esp/esp8266_sniffer_zaki/rtos_sniffer/build/bootloader/spi_flash/libspi_flash.a(spi_flash_raw.o)
                                        0x514 (size before relaxing)
 .debug_str     0x0000000000001727      0x15b /home/zaki/share/zaki/software/esp/esp8266_sniffer_zaki/rtos_sniffer/build/bootloader/log/liblog.a(log.o)
                                        0x316 (size before relaxing)
 .debug_str     0x0000000000001882       0xfc /home/zaki/share/zaki/software/esp/esp8266_sniffer_zaki/rtos_sniffer/build/bootloader/esp8266/libesp8266.a(ets_printf.o)
                                        0x268 (size before relaxing)
 .debug_str     0x000000000000197e       0xa4 /home/zaki/share/zaki/software/esp/esp8266_sniffer_zaki/rtos_sniffer/build/bootloader/util/libutil.a(crc.o)
                                        0x1c8 (size before relaxing)

.comment        0x0000000000000000       0x75
 .comment       0x0000000000000000       0x3b /home/zaki/share/zaki/software/esp/esp8266_sniffer_zaki/rtos_sniffer/build/bootloader/main/libmain.a(bootloader_start.o)
                                         0x3c (size before relaxing)
 .comment       0x000000000000003b       0x3c /home/zaki/share/zaki/software/esp/esp8266_sniffer_zaki/rtos_sniffer/build/bootloader/bootloader_support/libbootloader_support.a(bootloader_init.o)
 .comment       0x000000000000003b       0x3c /home/zaki/share/zaki/software/esp/esp8266_sniffer_zaki/rtos_sniffer/build/bootloader/bootloader_support/libbootloader_support.a(bootloader_utility.o)
 .comment       0x000000000000003b       0x3c /home/zaki/share/zaki/software/esp/esp8266_sniffer_zaki/rtos_sniffer/build/bootloader/bootloader_support/libbootloader_support.a(bootloader_common.o)
 .comment       0x000000000000003b       0x3c /home/zaki/share/zaki/software/esp/esp8266_sniffer_zaki/rtos_sniffer/build/bootloader/bootloader_support/libbootloader_support.a(flash_partitions.o)
 .comment       0x000000000000003b       0x3c /home/zaki/share/zaki/software/esp/esp8266_sniffer_zaki/rtos_sniffer/build/bootloader/bootloader_support/libbootloader_support.a(esp_image_format.o)
 .comment       0x000000000000003b       0x3c /home/zaki/share/zaki/software/esp/esp8266_sniffer_zaki/rtos_sniffer/build/bootloader/bootloader_support/libbootloader_support.a(bootloader_flash.o)
 .comment       0x000000000000003b       0x3c /home/zaki/share/zaki/software/esp/esp8266_sniffer_zaki/rtos_sniffer/build/bootloader/spi_flash/libspi_flash.a(spi_flash.o)
 .comment       0x000000000000003b       0x3c /home/zaki/share/zaki/software/esp/esp8266_sniffer_zaki/rtos_sniffer/build/bootloader/spi_flash/libspi_flash.a(spi_flash_raw.o)
 .comment       0x000000000000003b       0x3c /home/zaki/share/zaki/software/esp/esp8266_sniffer_zaki/rtos_sniffer/build/bootloader/log/liblog.a(log.o)
 .comment       0x000000000000003b       0x3c /home/zaki/share/zaki/software/esp/esp8266_sniffer_zaki/rtos_sniffer/build/bootloader/esp8266/libesp8266.a(ets_printf.o)
 .comment       0x000000000000003b       0x3c /home/zaki/share/zaki/software/esp/esp8266_sniffer_zaki/rtos_sniffer/build/bootloader/util/libutil.a(crc.o)
 .comment       0x000000000000003b       0x3a /home/zaki/share/zaki/software/esp/rtos_esp8266/3p3/espenv/ESP8266_RTOS_SDK/components/esp8266/lib/libcore.a(phy.o)
                                         0x3b (size before relaxing)
 .comment       0x0000000000000075       0x3b /home/zaki/share/zaki/software/esp/rtos_esp8266/3p3/espenv/ESP8266_RTOS_SDK/components/esp8266/lib/libcore.a(uart.o)

.xtensa.info    0x0000000000000000       0x38
 .xtensa.info   0x0000000000000000       0x38 /home/zaki/share/zaki/software/esp/esp8266_sniffer_zaki/rtos_sniffer/build/bootloader/main/libmain.a(bootloader_start.o)
 .xtensa.info   0x0000000000000038        0x0 /home/zaki/share/zaki/software/esp/esp8266_sniffer_zaki/rtos_sniffer/build/bootloader/bootloader_support/libbootloader_support.a(bootloader_init.o)
 .xtensa.info   0x0000000000000038        0x0 /home/zaki/share/zaki/software/esp/esp8266_sniffer_zaki/rtos_sniffer/build/bootloader/bootloader_support/libbootloader_support.a(bootloader_utility.o)
 .xtensa.info   0x0000000000000038        0x0 /home/zaki/share/zaki/software/esp/esp8266_sniffer_zaki/rtos_sniffer/build/bootloader/bootloader_support/libbootloader_support.a(bootloader_common.o)
 .xtensa.info   0x0000000000000038        0x0 /home/zaki/share/zaki/software/esp/esp8266_sniffer_zaki/rtos_sniffer/build/bootloader/bootloader_support/libbootloader_support.a(flash_partitions.o)
 .xtensa.info   0x0000000000000038        0x0 /home/zaki/share/zaki/software/esp/esp8266_sniffer_zaki/rtos_sniffer/build/bootloader/bootloader_support/libbootloader_support.a(esp_image_format.o)
 .xtensa.info   0x0000000000000038        0x0 /home/zaki/share/zaki/software/esp/esp8266_sniffer_zaki/rtos_sniffer/build/bootloader/bootloader_support/libbootloader_support.a(bootloader_flash.o)
 .xtensa.info   0x0000000000000038        0x0 /home/zaki/share/zaki/software/esp/esp8266_sniffer_zaki/rtos_sniffer/build/bootloader/spi_flash/libspi_flash.a(spi_flash.o)
 .xtensa.info   0x0000000000000038        0x0 /home/zaki/share/zaki/software/esp/esp8266_sniffer_zaki/rtos_sniffer/build/bootloader/spi_flash/libspi_flash.a(spi_flash_raw.o)
 .xtensa.info   0x0000000000000038        0x0 /home/zaki/share/zaki/software/esp/esp8266_sniffer_zaki/rtos_sniffer/build/bootloader/log/liblog.a(log.o)
 .xtensa.info   0x0000000000000038        0x0 /home/zaki/share/zaki/software/esp/esp8266_sniffer_zaki/rtos_sniffer/build/bootloader/esp8266/libesp8266.a(ets_printf.o)
 .xtensa.info   0x0000000000000038        0x0 /home/zaki/share/zaki/software/esp/esp8266_sniffer_zaki/rtos_sniffer/build/bootloader/util/libutil.a(crc.o)
 .xtensa.info   0x0000000000000038        0x0 /home/zaki/share/zaki/software/esp/rtos_esp8266/3p3/espenv/ESP8266_RTOS_SDK/components/esp8266/lib/libcore.a(phy.o)
 .xtensa.info   0x0000000000000038        0x0 /home/zaki/share/zaki/software/esp/rtos_esp8266/3p3/espenv/ESP8266_RTOS_SDK/components/esp8266/lib/libcore.a(uart.o)
